
[1m[30m[46m RUN [49m[39m[22m [36mv4.1.11 [39m[90m/tmp/sceneaxi-comprehensive-owned-xd4gdfl1[39m

 [31m❯[39m desktop/linux/test/native-assistant-scene-compat.test.ts [2m([22m[2m13 tests[22m[2m | [22m[31m8 failed[39m[2m)[22m[32m 297[2mms[22m[39m
[31m     [31m×[31m dispatches the real injected compiler with trimmed prompt/profile/progress and publishes its result[39m[32m 32[2mms[22m[39m
     [32m✓[39m keeps default local compilation when no executor is injected[32m 6[2mms[22m[39m
[31m     [31m×[31m refuses Kids/hosted/BYO before calling a private local executor[39m[32m 2[2mms[22m[39m
     [32m✓[39m settles false async/sync injected failures as runtime refusals[32m 2[2mms[22m[39m
     [32m✓[39m settles true async/sync injected failures as runtime refusals[32m 2[2mms[22m[39m
     [32m✓[39m fences progress and completion from an abandoned injected job[32m 4[2mms[22m[39m
[31m     [31m×[31m stages a named empty node and reproduces the digest without changing source bytes[39m[32m 47[2mms[22m[39m
[31m     [31m×[31m reconstructs and stages exactly one real box primitive[39m[32m 30[2mms[22m[39m
[31m     [31m×[31m reconstructs and stages exactly one real cylinder primitive[39m[32m 34[2mms[22m[39m
[31m     [31m×[31m reconstructs and stages exactly one real sphere primitive[39m[32m 17[2mms[22m[39m
     [32m✓[39m renames an existing artifact without changing artifact bytes, placement or selection[32m 87[2mms[22m[39m
[31m     [31m×[31m preserves node kind/name through rename, legacy reparent, transform edits and reopen[39m[32m 15[2mms[22m[39m
[31m     [31m×[31m keeps document/profile/policy refusal precedence and distinguishes absent creation parent from stale rename target[39m[32m 16[2mms[22m[39m

[31m⎯⎯⎯⎯⎯⎯⎯[39m[1m[41m Failed Tests 8 [49m[22m[31m⎯⎯⎯⎯⎯⎯⎯[39m

[41m[1m FAIL [22m[49m desktop/linux/test/native-assistant-scene-compat.test.ts[2m > [22mprivate injected local assistant execution[2m > [22mdispatches the real injected compiler with trimmed prompt/profile/progress and publishes its result
[31m[1mAssertionError[22m: expected { ok: true, action: 'assistant', …(1) } to match object { ok: true, data: { …(3) } }
(29 matching properties omitted from actual)[39m

[32m- Expected[39m
[31m+ Received[39m

[33m@@ -2,11 +2,248 @@[39m
[2m    "data": {[22m
[2m      "progressCount": 5,[22m
[2m      "result": {[22m
[2m        "artifactDigest": "sha256:cfc4489772da4510dadf31913236072067823a4482a1ccb6aaf405361bc294af",[22m
[2m        "mountable": {[22m
[32m-         "ok": true,[39m
[31m+         "artifacts": {[39m
[31m+           "assistant-72d7534105c2-artifact": {[39m
[31m+             "artifactId": "assistant-72d7534105c2-artifact",[39m
[31m+             "evidence": {[39m
[31m+               "intakeDigest": "sha256:81bdde66d78f3926740d3560a1d1acb14929c7b2f8ff7aa935c99fa258e9383b",[39m
[31m+               "method": "structured-fixture",[39m
[31m+               "proceduralModuleDigest": "sha256:4567224687d64ef69a4429380b52dd2217bf1342b3d535674cef7ad0621f99a1",[39m
[31m+               "qualityGates": [[39m
[31m+                 {[39m
[31m+                   "digest": "sha256:9c4cddcc2da19d3021f1513865fc66de476ca9682caee51b321d97310ad49f94",[39m
[31m+                   "id": "component-budget",[39m
[31m+                   "status": "passed",[39m
[31m+                 },[39m
[31m+                 {[39m
[31m+                   "digest": "sha256:f398a529102716baf9434ca2e6b2163adbbc8f219695fd07c2616bfb0ea1937f",[39m
[31m+                   "id": "hierarchy-depth",[39m
[31m+                   "status": "passed",[39m
[31m+                 },[39m
[31m+                 {[39m
[31m+                   "digest": "sha256:4abeded91808050165ba9c593e5c7745fff509619a58916fcd3d98da7d8a5b24",[39m
[31m+                   "id": "physical-extent",[39m
[31m+                   "status": "passed",[39m
[31m+                 },[39m
[31m+                 {[39m
[31m+                   "digest": "sha256:0a79787e52175c9f585783478b590e1daacb929b20cf2be051c420af7a7aff1c",[39m
[31m+                   "id": "procedural-emit",[39m
[31m+                   "status": "passed",[39m
[31m+                 },[39m
[31m+               ],[39m
[31m+               "specDigest": "sha256:4d20a5e13465333e5aa94742bf60805b647f113d7df4f9cd95d860bc59721e24",[39m
[31m+             },[39m
[31m+             "kind": "sceneaxi.sculpt-artifact",[39m
[31m+             "proceduralModule": {[39m
[31m+               "emitDigest": "sha256:0a79787e52175c9f585783478b590e1daacb929b20cf2be051c420af7a7aff1c",[39m
[31m+               "exportName": "emitSculptProcedural",[39m
[31m+               "moduleId": "@sceneaxi/authoring-core",[39m
[31m+               "seed": 248219443421732,[39m
[31m+               "sourceDigest": "sha256:4567224687d64ef69a4429380b52dd2217bf1342b3d535674cef7ad0621f99a1",[39m
[31m+             },[39m
[31m+             "runtimeHierarchy": {[39m
[31m+               "attachments": [[39m
[31m+                 {[39m
[31m+                   "id": "assistant-72d7534105c2-root-attachment-point",[39m
[31m+                   "nodeId": "assistant-72d7534105c2-root",[39m
[31m+                   "socketId": "assistant-72d7534105c2-root-attachment",[39m
[31m+                 },[39m
[31m+               ],[39m
[31m+               "colliders": [[39m
[31m+                 {[39m
[31m+                   "dimensions": [[39m
[31m+                     2,[39m
[31m+                     2,[39m
[31m+                     2,[39m
[31m+                   ],[39m
[31m+                   "id": "assistant-72d7534105c2-root-collider",[39m
[31m+                   "isTrigger": false,[39m
[31m+                   "nodeId": "assistant-72d7534105c2-root",[39m
[31m+                   "shape": "box",[39m
[31m+                 },[39m
[31m+               ],[39m
[31m+               "kind": "sceneaxi.animation-ready-hierarchy",[39m
[31m+               "materials": [[39m
[31m+                 {[39m
[31m+                   "materialId": "surface",[39m
[31m+                   "nodeId": "assistant-72d7534105c2-root",[39m
[31m+                 },[39m
[31m+               ],[39m
[31m+               "nodes": [[39m
[31m+                 {[39m
[31m+                   "componentId": "body",[39m
[31m+                   "id": "assistant-72d7534105c2-root",[39m
[31m+                   "parentId": null,[39m
[31m+                   "transform": {[39m
[31m+                     "rotationEulerDegrees": [[39m
[31m+                       0,[39m
[31m+                       0,[39m
[31m+                       0,[39m
[31m+                     ],[39m
[31m+                     "scale": [[39m
[31m+                       1,[39m
[31m+                       1,[39m
[31m+                       1,[39m
[31m+                     ],[39m
[31m+                     "translation": [[39m
[31m+                       0,[39m
[31m+                       0,[39m
[31m+                       0,[39m
[31m+                     ],[39m
[31m+                   },[39m
[31m+                 },[39m
[31m+               ],[39m
[31m+               "pivots": [[39m
[31m+                 {[39m
[31m+                   "id": "assistant-72d7534105c2-root-pivot",[39m
[31m+                   "nodeId": "assistant-72d7534105c2-root",[39m
[31m+                   "origin": [[39m
[31m+                     0,[39m
[31m+                     0,[39m
[31m+                     0,[39m
[31m+                   ],[39m
[31m+                 },[39m
[31m+               ],[39m
[31m+               "rootNodeId": "assistant-72d7534105c2-root",[39m
[31m+               "schemaVersion": 1,[39m
[31m+               "sockets": [[39m
[31m+                 {[39m
[31m+                   "amplitude": 0,[39m
[31m+                   "axis": "y",[39m
[31m+                   "frequencyHz": 0,[39m
[31m+                   "id": "assistant-72d7534105c2-root-attachment",[39m
[31m+                   "kind": "attachment",[39m
[31m+                   "nodeId": "assistant-72d7534105c2-root",[39m
[31m+                 },[39m
[31m+               ],[39m
[31m+             },[39m
[31m+             "schemaVersion": 1,[39m
[31m+             "spec": {[39m
[31m+               "complexityClass": "simple",[39m
[31m+               "components": [[39m
[31m+                 {[39m
[31m+                   "dimensions": [[39m
[31m+                     2,[39m
[31m+                     2,[39m
[31m+                     2,[39m
[31m+                   ],[39m
[31m+                   "id": "body",[39m
[31m+                   "materialId": "surface",[39m
[31m+                   "primitive": "box",[39m
[31m+                 },[39m
[31m+               ],[39m
[31m+               "hierarchy": [[39m
[31m+                 {[39m
[31m+                   "componentId": "body",[39m
[31m+                   "id": "assistant-72d7534105c2-root",[39m
[31m+                   "parentId": null,[39m
[31m+                   "transform": {[39m
[31m+                     "rotationEulerDegrees": [[39m
[31m+                       0,[39m
[31m+                       0,[39m
[31m+                       0,[39m
[31m+                     ],[39m
[31m+                     "scale": [[39m
[31m+                       1,[39m
[31m+                       1,[39m
[31m+                       1,[39m
[31m+                     ],[39m
[31m+                     "translation": [[39m
[31m+                       0,[39m
[31m+                       0,[39m
[31m+                       0,[39m
[31m+                     ],[39m
[31m+                   },[39m
[31m+                 },[39m
[31m+               ],[39m
[31m+               "id": "assistant-72d7534105c2-spec",[39m
[31m+               "kind": "sceneaxi.object-sculpt-spec",[39m
[31m+               "materials": [[39m
[31m+                 {[39m
[31m+                   "baseColor": "#3366cc",[39m
[31m+                   "id": "surface",[39m
[31m+                   "metallic": 0.15,[39m
[31m+                   "roughness": 0.65,[39m
[31m+                 },[39m
[31m+               ],[39m
[31m+               "passes": [[39m
[31m+                 {[39m
[31m+                   "deterministic": true,[39m
[31m+                   "id": "blockout",[39m
[31m+                   "steps": [[39m
[31m+                     "migrate-existing-volumes",[39m
[31m+                   ],[39m
[31m+                 },[39m
[31m+                 {[39m
[31m+                   "deterministic": true,[39m
[31m+                   "id": "structure",[39m
[31m+                   "steps": [[39m
[31m+                     "migrate-existing-hierarchy",[39m
[31m+                   ],[39m
[31m+                 },[39m
[31m+                 {[39m
[31m+                   "deterministic": true,[39m
[31m+                   "id": "materials",[39m
[31m+                   "steps": [[39m
[31m+                     "migrate-existing-materials",[39m
[31m+                   ],[39m
[31m+                 },[39m
[31m+                 {[39m
[31m+                   "deterministic": true,[39m
[31m+                   "id": "sockets",[39m
[31m+                   "steps": [[39m
[31m+                     "migrate-existing-sockets",[39m
[31m+                   ],[39m
[31m+                 },[39m
[31m+               ],[39m
[31m+               "rootNodeId": "assistant-72d7534105c2-root",[39m
[31m+               "schemaVersion": 1,[39m
[31m+               "sockets": [[39m
[31m+                 {[39m
[31m+                   "amplitude": 0,[39m
[31m+                   "axis": "y",[39m
[31m+                   "frequencyHz": 0,[39m
[31m+                   "id": "assistant-72d7534105c2-root-attachment",[39m
[31m+                   "kind": "attachment",[39m
[31m+                   "nodeId": "assistant-72d7534105c2-root",[39m
[31m+                 },[39m
[31m+               ],[39m
[31m+             },[39m
[31m+           },[39m
[31m+         },[39m
[31m+         "instances": [[39m
[31m+           {[39m
[31m+             "artifactId": "assistant-72d7534105c2-artifact",[39m
[31m+             "depth": 0,[39m
[31m+             "instanceId": "assistant-live-output",[39m
[31m+             "label": "Assistant output",[39m
[31m+             "parentInstanceId": null,[39m
[31m+             "worldTransform": {[39m
[31m+               "rotationEulerDegrees": [[39m
[31m+                 0,[39m
[31m+                 0,[39m
[31m+                 0,[39m
[31m+               ],[39m
[31m+               "scale": [[39m
[31m+                 1,[39m
[31m+                 1,[39m
[31m+                 1,[39m
[31m+               ],[39m
[31m+               "translation": [[39m
[31m+                 0,[39m
[31m+                 0,[39m
[31m+                 0,[39m
[31m+               ],[39m
[31m+             },[39m
[31m+           },[39m
[31m+         ],[39m
[31m+         "rootInstanceId": "assistant-live-output",[39m
[31m+         "sceneDigest": "sha256:bf53f73111605f98f5e4525adba7c9d7154b2ae54c3995c3d9b0701d534396b4",[39m
[31m+         "sceneId": "desktop-assistant-output-scene",[39m
[2m        },[22m
[2m        "ok": true,[22m
[2m        "route": "local",[22m
[2m      },[22m
[2m      "status": "ready",[22m

[36m [2m❯[22m desktop/linux/test/native-assistant-scene-compat.test.ts:[2m53:79[22m[39m


[31m[2m⎯⎯⎯⎯⎯⎯⎯⎯⎯⎯⎯⎯⎯⎯⎯⎯⎯⎯⎯⎯⎯⎯⎯⎯[1/8]⎯[22m[39m

[41m[1m FAIL [22m[49m desktop/linux/test/native-assistant-scene-compat.test.ts[2m > [22mprivate injected local assistant execution[2m > [22mrefuses Kids/hosted/BYO before calling a private local executor
[31m[1mAssertionError[22m: expected { ok: false, …(3) } to match object { ok: false, …(1) }
(2 matching properties omitted from actual)[39m

[32m- Expected[39m
[31m+ Received[39m

[2m  {[22m
[2m    "ok": false,[22m
[32m-   "reason": "ASSISTANT_KIDS_DENIED",[39m
[31m+   "reason": "ASSISTANT_SCULPT_KIDS_DENIED",[39m
[2m  }[22m

[36m [2m❯[22m desktop/linux/test/native-assistant-scene-compat.test.ts:[2m66:66[22m[39m
    [90m 64|[39m     const executor = vi.fn((request: DesktopAssistantRunRequest) => ru…
    [90m 65|[39m     const bridge = createDesktopBridge({ cwd: directory(), runLocalAss…
    [90m 66|[39m     expect(start(bridge, { profile: "@sceneaxi/profile-kids" })).toMat…
    [90m   |[39m                                                                  [31m^[39m
    [90m 67|[39m     expect(start(bridge, { route: "hosted" })).toMatchObject({ ok: fal…
    [90m 68|[39m     expect(start(bridge, { route: "byo" })).toMatchObject({ ok: false,…

[31m[2m⎯⎯⎯⎯⎯⎯⎯⎯⎯⎯⎯⎯⎯⎯⎯⎯⎯⎯⎯⎯⎯⎯⎯⎯[2/8]⎯[22m[39m

[41m[1m FAIL [22m[49m desktop/linux/test/native-assistant-scene-compat.test.ts[2m > [22mcomplete current scene-operation compatibility[2m > [22mstages a named empty node and reproduces the digest without changing source bytes
[31m[1mError[22m: The requested parent is missing: desktop-crate-origin.[39m
[36m [2m❯[22m accepted desktop/linux/test/native-assistant-scene-compat.test.ts:[2m30:25[22m[39m
    [90m 28|[39m [35mfunction[39m [34maccepted[39m(documentData[33m:[39m unknown[33m,[39m operation[33m:[39m unknown) {
    [90m 29|[39m   [35mconst[39m result [33m=[39m [34mstage[39m(documentData[33m,[39m operation)[33m;[39m
    [90m 30|[39m   [35mif[39m ([33m![39mresult[33m.[39mok) [35mthrow[39m [35mnew[39m [33mError[39m(result[33m.[39mdiagnostics[[34m0[39m][33m?.[39mmessage)[33m;[39m
    [90m   |[39m                         [31m^[39m
    [90m 31|[39m   [35mconst[39m data [33m=[39m { composedScene[33m:[39m result[33m.[39medit[33m.[39mnewValue }[33m;[39m
    [90m 32|[39m   [35mconst[39m stored [33m=[39m [34mcomposedSceneFromDocumentData[39m(data)[33m;[39m
[90m [2m❯[22m desktop/linux/test/native-assistant-scene-compat.test.ts:[2m103:21[22m[39m

[31m[2m⎯⎯⎯⎯⎯⎯⎯⎯⎯⎯⎯⎯⎯⎯⎯⎯⎯⎯⎯⎯⎯⎯⎯⎯[3/8]⎯[22m[39m

[41m[1m FAIL [22m[49m desktop/linux/test/native-assistant-scene-compat.test.ts[2m > [22mcomplete current scene-operation compatibility[2m > [22mreconstructs and stages exactly one real box primitive
[41m[1m FAIL [22m[49m desktop/linux/test/native-assistant-scene-compat.test.ts[2m > [22mcomplete current scene-operation compatibility[2m > [22mreconstructs and stages exactly one real cylinder primitive
[41m[1m FAIL [22m[49m desktop/linux/test/native-assistant-scene-compat.test.ts[2m > [22mcomplete current scene-operation compatibility[2m > [22mreconstructs and stages exactly one real sphere primitive
[31m[1mError[22m: The requested parent is missing: desktop-crate-origin.[39m
[36m [2m❯[22m accepted desktop/linux/test/native-assistant-scene-compat.test.ts:[2m30:25[22m[39m
    [90m 28|[39m [35mfunction[39m [34maccepted[39m(documentData[33m:[39m unknown[33m,[39m operation[33m:[39m unknown) {
    [90m 29|[39m   [35mconst[39m result [33m=[39m [34mstage[39m(documentData[33m,[39m operation)[33m;[39m
    [90m 30|[39m   [35mif[39m ([33m![39mresult[33m.[39mok) [35mthrow[39m [35mnew[39m [33mError[39m(result[33m.[39mdiagnostics[[34m0[39m][33m?.[39mmessage)[33m;[39m
    [90m   |[39m                         [31m^[39m
    [90m 31|[39m   [35mconst[39m data [33m=[39m { composedScene[33m:[39m result[33m.[39medit[33m.[39mnewValue }[33m;[39m
    [90m 32|[39m   [35mconst[39m stored [33m=[39m [34mcomposedSceneFromDocumentData[39m(data)[33m;[39m
[90m [2m❯[22m desktop/linux/test/native-assistant-scene-compat.test.ts:[2m114:21[22m[39m

[31m[2m⎯⎯⎯⎯⎯⎯⎯⎯⎯⎯⎯⎯⎯⎯⎯⎯⎯⎯⎯⎯⎯⎯⎯⎯[4/8]⎯[22m[39m

[41m[1m FAIL [22m[49m desktop/linux/test/native-assistant-scene-compat.test.ts[2m > [22mcomplete current scene-operation compatibility[2m > [22mpreserves node kind/name through rename, legacy reparent, transform edits and reopen
[31m[1mError[22m: The requested parent is missing: desktop-crate-origin.[39m
[36m [2m❯[22m accepted desktop/linux/test/native-assistant-scene-compat.test.ts:[2m30:25[22m[39m
    [90m 28|[39m [35mfunction[39m [34maccepted[39m(documentData[33m:[39m unknown[33m,[39m operation[33m:[39m unknown) {
    [90m 29|[39m   [35mconst[39m result [33m=[39m [34mstage[39m(documentData[33m,[39m operation)[33m;[39m
    [90m 30|[39m   [35mif[39m ([33m![39mresult[33m.[39mok) [35mthrow[39m [35mnew[39m [33mError[39m(result[33m.[39mdiagnostics[[34m0[39m][33m?.[39mmessage)[33m;[39m
    [90m   |[39m                         [31m^[39m
    [90m 31|[39m   [35mconst[39m data [33m=[39m { composedScene[33m:[39m result[33m.[39medit[33m.[39mnewValue }[33m;[39m
    [90m 32|[39m   [35mconst[39m stored [33m=[39m [34mcomposedSceneFromDocumentData[39m(data)[33m;[39m
[90m [2m❯[22m desktop/linux/test/native-assistant-scene-compat.test.ts:[2m140:21[22m[39m

[31m[2m⎯⎯⎯⎯⎯⎯⎯⎯⎯⎯⎯⎯⎯⎯⎯⎯⎯⎯⎯⎯⎯⎯⎯⎯[5/8]⎯[22m[39m

[41m[1m FAIL [22m[49m desktop/linux/test/native-assistant-scene-compat.test.ts[2m > [22mcomplete current scene-operation compatibility[2m > [22mkeeps document/profile/policy refusal precedence and distinguishes absent creation parent from stale rename target
[31m[1mAssertionError[22m: expected { ok: false, …(2) } to match object { ok: false, …(1) }
(3 matching properties omitted from actual)[39m

[32m- Expected[39m
[31m+ Received[39m

[2m  {[22m
[2m    "diagnostics": [[22m
[2m      {[22m
[32m-       "code": "SCENE_HIERARCHY_PARENT_MISSING",[39m
[31m+       "code": "invalid-proposal",[39m
[2m      },[22m
[2m    ],[22m
[2m    "ok": false,[22m
[2m  }[22m

[36m [2m❯[22m desktop/linux/test/native-assistant-scene-compat.test.ts:[2m151:100[22m[39m


[31m[2m⎯⎯⎯⎯⎯⎯⎯⎯⎯⎯⎯⎯⎯⎯⎯⎯⎯⎯⎯⎯⎯⎯⎯⎯[6/8]⎯[22m[39m


[2m Test Files [22m [1m[31m1 failed[39m[22m[90m (1)[39m
[2m      Tests [22m [1m[31m8 failed[39m[22m[2m | [22m[1m[32m5 passed[39m[22m[90m (13)[39m
[2m   Start at [22m 13:18:21
[2m   Duration [22m 4.65s[2m (transform 3.40s, setup 0ms, import 4.09s, tests 297ms, environment 0ms)[22m

