
[1m[30m[46m RUN [49m[39m[22m [36mv4.1.11 [39m[90m/tmp/sceneaxi-comprehensive-owned-xd4gdfl1[39m

 [31m❯[39m desktop/linux/test/native-assistant-scene-compat.test.ts [2m([22m[2m13 tests[22m[2m | [22m[31m12 failed[39m[2m)[22m[32m 255[2mms[22m[39m
[31m     [31m×[31m dispatches the real injected compiler with trimmed prompt/profile/progress and publishes its result[39m[32m 18[2mms[22m[39m
     [32m✓[39m keeps default local compilation when no executor is injected[32m 9[2mms[22m[39m
[31m     [31m×[31m refuses Kids/hosted/BYO before calling a private local executor[39m[32m 6[2mms[22m[39m
[31m     [31m×[31m settles false async/sync injected failures as runtime refusals[39m[32m 5[2mms[22m[39m
[31m     [31m×[31m settles true async/sync injected failures as runtime refusals[39m[32m 4[2mms[22m[39m
[31m     [31m×[31m fences progress and completion from an abandoned injected job[39m[32m 12[2mms[22m[39m
[31m     [31m×[31m stages a named empty node and reproduces the digest without changing source bytes[39m[32m 34[2mms[22m[39m
[31m     [31m×[31m reconstructs and stages exactly one real box primitive[39m[32m 33[2mms[22m[39m
[31m     [31m×[31m reconstructs and stages exactly one real cylinder primitive[39m[32m 31[2mms[22m[39m
[31m     [31m×[31m reconstructs and stages exactly one real sphere primitive[39m[32m 20[2mms[22m[39m
[31m     [31m×[31m renames an existing artifact without changing artifact bytes, placement or selection[39m[32m 33[2mms[22m[39m
[31m     [31m×[31m preserves node kind/name through rename, legacy reparent, transform edits and reopen[39m[32m 26[2mms[22m[39m
[31m     [31m×[31m keeps document/profile/policy refusal precedence and distinguishes absent creation parent from stale rename target[39m[32m 24[2mms[22m[39m

[31m⎯⎯⎯⎯⎯⎯[39m[1m[41m Failed Tests 12 [49m[22m[31m⎯⎯⎯⎯⎯⎯⎯[39m

[41m[1m FAIL [22m[49m desktop/linux/test/native-assistant-scene-compat.test.ts[2m > [22mprivate injected local assistant execution[2m > [22mdispatches the real injected compiler with trimmed prompt/profile/progress and publishes its result
[31m[1mAssertionError[22m: expected "vi.fn()" to be called once, but got 0 times[39m
[36m [2m❯[22m desktop/linux/test/native-assistant-scene-compat.test.ts:[2m50:31[22m[39m
    [90m 48|[39m     const bridge = createDesktopBridge({ cwd: directory(), runLocalAss…
    [90m 49|[39m     expect(start(bridge)).toMatchObject({ ok: true, data: { status: "r…
    [90m 50|[39m     [34mexpect[39m(runLocalAssistant)[33m.[39m[34mtoHaveBeenCalledOnce[39m()[33m;[39m
    [90m   |[39m                               [31m^[39m
    [90m 51|[39m     expect(runLocalAssistant.mock.calls[0]?.[0]).toMatchObject({ promp…
    [90m 52|[39m     [35mawait[39m [34mflush[39m()[33m;[39m

[31m[2m⎯⎯⎯⎯⎯⎯⎯⎯⎯⎯⎯⎯⎯⎯⎯⎯⎯⎯⎯⎯⎯⎯⎯[1/12]⎯[22m[39m

[41m[1m FAIL [22m[49m desktop/linux/test/native-assistant-scene-compat.test.ts[2m > [22mprivate injected local assistant execution[2m > [22mrefuses Kids/hosted/BYO before calling a private local executor
[31m[1mAssertionError[22m: expected { ok: false, …(3) } to match object { ok: false, …(1) }
(2 matching properties omitted from actual)[39m

[32m- Expected[39m
[31m+ Received[39m

[2m  {[22m
[2m    "ok": false,[22m
[32m-   "reason": "ASSISTANT_KIDS_DENIED",[39m
[31m+   "reason": "ASSISTANT_SCULPT_KIDS_DENIED",[39m
[2m  }[22m

[36m [2m❯[22m desktop/linux/test/native-assistant-scene-compat.test.ts:[2m66:66[22m[39m
    [90m 64|[39m     const executor = vi.fn((request: DesktopAssistantRunRequest) => ru…
    [90m 65|[39m     const bridge = createDesktopBridge({ cwd: directory(), runLocalAss…
    [90m 66|[39m     expect(start(bridge, { profile: "@sceneaxi/profile-kids" })).toMat…
    [90m   |[39m                                                                  [31m^[39m
    [90m 67|[39m     expect(start(bridge, { route: "hosted" })).toMatchObject({ ok: fal…
    [90m 68|[39m     expect(start(bridge, { route: "byo" })).toMatchObject({ ok: false,…

[31m[2m⎯⎯⎯⎯⎯⎯⎯⎯⎯⎯⎯⎯⎯⎯⎯⎯⎯⎯⎯⎯⎯⎯⎯[2/12]⎯[22m[39m

[41m[1m FAIL [22m[49m desktop/linux/test/native-assistant-scene-compat.test.ts[2m > [22mprivate injected local assistant execution[2m > [22msettles false async/sync injected failures as runtime refusals
[41m[1m FAIL [22m[49m desktop/linux/test/native-assistant-scene-compat.test.ts[2m > [22mprivate injected local assistant execution[2m > [22msettles true async/sync injected failures as runtime refusals
[31m[1mAssertionError[22m: expected { ok: true, action: 'assistant', …(1) } to match object { ok: true, data: { …(2) } }
(26 matching properties omitted from actual)[39m

[32m- Expected[39m
[31m+ Received[39m

[2m  {[22m
[2m    "data": {[22m
[32m-     "refusal": {[39m
[32m-       "reason": "DESKTOP_ASSISTANT_RUNTIME_FAILED",[39m
[32m-     },[39m
[32m-     "status": "refused",[39m
[31m+     "status": "ready",[39m
[2m    },[22m
[2m    "ok": true,[22m
[2m  }[22m

[36m [2m❯[22m desktop/linux/test/native-assistant-scene-compat.test.ts:[2m79:79[22m[39m


[31m[2m⎯⎯⎯⎯⎯⎯⎯⎯⎯⎯⎯⎯⎯⎯⎯⎯⎯⎯⎯⎯⎯⎯⎯[3/12]⎯[22m[39m

[41m[1m FAIL [22m[49m desktop/linux/test/native-assistant-scene-compat.test.ts[2m > [22mprivate injected local assistant execution[2m > [22mfences progress and completion from an abandoned injected job
[31m[1mAssertionError[22m: expected { ok: true, action: 'assistant', …(1) } to match object { ok: true, data: { …(3) } }
(16 matching properties omitted from actual)[39m

[32m- Expected[39m
[31m+ Received[39m

[33m@@ -1,8 +1,8 @@[39m
[2m  {[22m
[2m    "data": {[22m
[32m-     "progressCount": 0,[39m
[31m+     "progressCount": 4,[39m
[2m      "refusal": {[22m
[2m        "reason": "DESKTOP_ASSISTANT_ABANDONED",[22m
[2m      },[22m
[2m      "status": "refused",[22m
[2m    },[22m

[36m [2m❯[22m desktop/linux/test/native-assistant-scene-compat.test.ts:[2m95:79[22m[39m


[31m[2m⎯⎯⎯⎯⎯⎯⎯⎯⎯⎯⎯⎯⎯⎯⎯⎯⎯⎯⎯⎯⎯⎯⎯[4/12]⎯[22m[39m

[41m[1m FAIL [22m[49m desktop/linux/test/native-assistant-scene-compat.test.ts[2m > [22mcomplete current scene-operation compatibility[2m > [22mstages a named empty node and reproduces the digest without changing source bytes
[31m[1mError[22m: The selected child is stale: undefined.[39m
[36m [2m❯[22m accepted desktop/linux/test/native-assistant-scene-compat.test.ts:[2m30:25[22m[39m
    [90m 28|[39m [35mfunction[39m [34maccepted[39m(documentData[33m:[39m unknown[33m,[39m operation[33m:[39m unknown) {
    [90m 29|[39m   [35mconst[39m result [33m=[39m [34mstage[39m(documentData[33m,[39m operation)[33m;[39m
    [90m 30|[39m   [35mif[39m ([33m![39mresult[33m.[39mok) [35mthrow[39m [35mnew[39m [33mError[39m(result[33m.[39mdiagnostics[[34m0[39m][33m?.[39mmessage)[33m;[39m
    [90m   |[39m                         [31m^[39m
    [90m 31|[39m   [35mconst[39m data [33m=[39m { composedScene[33m:[39m result[33m.[39medit[33m.[39mnewValue }[33m;[39m
    [90m 32|[39m   [35mconst[39m stored [33m=[39m [34mcomposedSceneFromDocumentData[39m(data)[33m;[39m
[90m [2m❯[22m desktop/linux/test/native-assistant-scene-compat.test.ts:[2m103:21[22m[39m

[31m[2m⎯⎯⎯⎯⎯⎯⎯⎯⎯⎯⎯⎯⎯⎯⎯⎯⎯⎯⎯⎯⎯⎯⎯[5/12]⎯[22m[39m

[41m[1m FAIL [22m[49m desktop/linux/test/native-assistant-scene-compat.test.ts[2m > [22mcomplete current scene-operation compatibility[2m > [22mreconstructs and stages exactly one real box primitive
[41m[1m FAIL [22m[49m desktop/linux/test/native-assistant-scene-compat.test.ts[2m > [22mcomplete current scene-operation compatibility[2m > [22mreconstructs and stages exactly one real cylinder primitive
[41m[1m FAIL [22m[49m desktop/linux/test/native-assistant-scene-compat.test.ts[2m > [22mcomplete current scene-operation compatibility[2m > [22mreconstructs and stages exactly one real sphere primitive
[31m[1mError[22m: The selected child is stale: undefined.[39m
[36m [2m❯[22m accepted desktop/linux/test/native-assistant-scene-compat.test.ts:[2m30:25[22m[39m
    [90m 28|[39m [35mfunction[39m [34maccepted[39m(documentData[33m:[39m unknown[33m,[39m operation[33m:[39m unknown) {
    [90m 29|[39m   [35mconst[39m result [33m=[39m [34mstage[39m(documentData[33m,[39m operation)[33m;[39m
    [90m 30|[39m   [35mif[39m ([33m![39mresult[33m.[39mok) [35mthrow[39m [35mnew[39m [33mError[39m(result[33m.[39mdiagnostics[[34m0[39m][33m?.[39mmessage)[33m;[39m
    [90m   |[39m                         [31m^[39m
    [90m 31|[39m   [35mconst[39m data [33m=[39m { composedScene[33m:[39m result[33m.[39medit[33m.[39mnewValue }[33m;[39m
    [90m 32|[39m   [35mconst[39m stored [33m=[39m [34mcomposedSceneFromDocumentData[39m(data)[33m;[39m
[90m [2m❯[22m desktop/linux/test/native-assistant-scene-compat.test.ts:[2m114:21[22m[39m

[31m[2m⎯⎯⎯⎯⎯⎯⎯⎯⎯⎯⎯⎯⎯⎯⎯⎯⎯⎯⎯⎯⎯⎯⎯[6/12]⎯[22m[39m

[41m[1m FAIL [22m[49m desktop/linux/test/native-assistant-scene-compat.test.ts[2m > [22mcomplete current scene-operation compatibility[2m > [22mrenames an existing artifact without changing artifact bytes, placement or selection
[31m[1mError[22m: The requested parent is missing: undefined.[39m
[36m [2m❯[22m accepted desktop/linux/test/native-assistant-scene-compat.test.ts:[2m30:25[22m[39m
    [90m 28|[39m [35mfunction[39m [34maccepted[39m(documentData[33m:[39m unknown[33m,[39m operation[33m:[39m unknown) {
    [90m 29|[39m   [35mconst[39m result [33m=[39m [34mstage[39m(documentData[33m,[39m operation)[33m;[39m
    [90m 30|[39m   [35mif[39m ([33m![39mresult[33m.[39mok) [35mthrow[39m [35mnew[39m [33mError[39m(result[33m.[39mdiagnostics[[34m0[39m][33m?.[39mmessage)[33m;[39m
    [90m   |[39m                         [31m^[39m
    [90m 31|[39m   [35mconst[39m data [33m=[39m { composedScene[33m:[39m result[33m.[39medit[33m.[39mnewValue }[33m;[39m
    [90m 32|[39m   [35mconst[39m stored [33m=[39m [34mcomposedSceneFromDocumentData[39m(data)[33m;[39m
[90m [2m❯[22m desktop/linux/test/native-assistant-scene-compat.test.ts:[2m129:21[22m[39m

[31m[2m⎯⎯⎯⎯⎯⎯⎯⎯⎯⎯⎯⎯⎯⎯⎯⎯⎯⎯⎯⎯⎯⎯⎯[7/12]⎯[22m[39m

[41m[1m FAIL [22m[49m desktop/linux/test/native-assistant-scene-compat.test.ts[2m > [22mcomplete current scene-operation compatibility[2m > [22mpreserves node kind/name through rename, legacy reparent, transform edits and reopen
[31m[1mError[22m: The selected child is stale: undefined.[39m
[36m [2m❯[22m accepted desktop/linux/test/native-assistant-scene-compat.test.ts:[2m30:25[22m[39m
    [90m 28|[39m [35mfunction[39m [34maccepted[39m(documentData[33m:[39m unknown[33m,[39m operation[33m:[39m unknown) {
    [90m 29|[39m   [35mconst[39m result [33m=[39m [34mstage[39m(documentData[33m,[39m operation)[33m;[39m
    [90m 30|[39m   [35mif[39m ([33m![39mresult[33m.[39mok) [35mthrow[39m [35mnew[39m [33mError[39m(result[33m.[39mdiagnostics[[34m0[39m][33m?.[39mmessage)[33m;[39m
    [90m   |[39m                         [31m^[39m
    [90m 31|[39m   [35mconst[39m data [33m=[39m { composedScene[33m:[39m result[33m.[39medit[33m.[39mnewValue }[33m;[39m
    [90m 32|[39m   [35mconst[39m stored [33m=[39m [34mcomposedSceneFromDocumentData[39m(data)[33m;[39m
[90m [2m❯[22m desktop/linux/test/native-assistant-scene-compat.test.ts:[2m140:21[22m[39m

[31m[2m⎯⎯⎯⎯⎯⎯⎯⎯⎯⎯⎯⎯⎯⎯⎯⎯⎯⎯⎯⎯⎯⎯⎯[8/12]⎯[22m[39m

[41m[1m FAIL [22m[49m desktop/linux/test/native-assistant-scene-compat.test.ts[2m > [22mcomplete current scene-operation compatibility[2m > [22mkeeps document/profile/policy refusal precedence and distinguishes absent creation parent from stale rename target
[31m[1mAssertionError[22m: expected { ok: false, …(2) } to match object { ok: false, …(1) }
(3 matching properties omitted from actual)[39m

[32m- Expected[39m
[31m+ Received[39m

[2m  {[22m
[2m    "diagnostics": [[22m
[2m      {[22m
[32m-       "code": "SCENE_HIERARCHY_PARENT_MISSING",[39m
[31m+       "code": "invalid-proposal",[39m
[2m      },[22m
[2m    ],[22m
[2m    "ok": false,[22m
[2m  }[22m

[36m [2m❯[22m desktop/linux/test/native-assistant-scene-compat.test.ts:[2m151:100[22m[39m


[31m[2m⎯⎯⎯⎯⎯⎯⎯⎯⎯⎯⎯⎯⎯⎯⎯⎯⎯⎯⎯⎯⎯⎯⎯[9/12]⎯[22m[39m


[2m Test Files [22m [1m[31m1 failed[39m[22m[90m (1)[39m
[2m      Tests [22m [1m[31m12 failed[39m[22m[2m | [22m[1m[32m1 passed[39m[22m[90m (13)[39m
[2m   Start at [22m 13:15:35
[2m   Duration [22m 4.37s[2m (transform 3.19s, setup 0ms, import 3.88s, tests 255ms, environment 0ms)[22m

