
[1m[30m[46m RUN [49m[39m[22m [36mv4.1.11 [39m[90m/tmp/sceneaxi-comprehensive-owned-xd4gdfl1[39m

 [32m✓[39m desktop/linux/test/viewport-terminal-lifecycle.test.ts[2m > [22mactual viewport terminal resource ownership[2m > [22mstops all allocated root resources once and fences retained entry points[32m 192[2mms[22m[39m
 [32m✓[39m desktop/linux/test/viewport-terminal-lifecycle.test.ts[2m > [22mactual viewport terminal resource ownership[2m > [22mpagehide during input readiness cannot allocate or issue later IPC[32m 85[2mms[22m[39m
 [32m✓[39m desktop/linux/test/viewport-input-actions.test.ts[2m > [22mdesktop Play-facing viewport input actions[2m > [22mpublishes a consumable Play input event with the action state[32m 8[2mms[22m[39m
 [32m✓[39m desktop/linux/test/viewport-input-actions.test.ts[2m > [22mdesktop Play-facing viewport input actions[2m > [22mpolls injected gamepads only in Play and reports button press and release[32m 12[2mms[22m[39m
 [32m✓[39m desktop/linux/test/viewport-input-actions.test.ts[2m > [22mdesktop Play-facing viewport input actions[2m > [22mreleases held actions when Play context ends without polling[32m 1[2mms[22m[39m
 [32m✓[39m desktop/linux/test/viewport-input-actions.test.ts[2m > [22mdesktop Play-facing viewport input actions[2m > [22mapplies the binding deadzone to axis polling[32m 14[2mms[22m[39m
 [32m✓[39m desktop/linux/test/viewport-input-actions.test.ts[2m > [22mdesktop Play-facing viewport input actions[2m > [22mdrives pointer and wheel controls only through the effective shared map[32m 36[2mms[22m[39m
 [32m✓[39m desktop/linux/test/viewport-terminal-lifecycle.test.ts[2m > [22mactual viewport terminal resource ownership[2m > [22mpagehide during scene readiness cannot allocate or issue later IPC[32m 70[2mms[22m[39m
 [32m✓[39m desktop/linux/test/viewport-terminal-lifecycle.test.ts[2m > [22mactual viewport terminal resource ownership[2m > [22ma rejected input readiness after pagehide is cancellation, not a late refusal[32m 69[2mms[22m[39m
 [32m✓[39m desktop/linux/test/viewport-terminal-lifecycle.test.ts[2m > [22mactual viewport terminal resource ownership[2m > [22ma rejected scene readiness after pagehide is cancellation, not a late refusal[32m 57[2mms[22m[39m
 [32m✓[39m desktop/linux/test/viewport-terminal-lifecycle.test.ts[2m > [22mactual viewport terminal resource ownership[2m > [22ma live rejected input readiness still reports a genuine refusal[32m 51[2mms[22m[39m
 [32m✓[39m desktop/linux/test/viewport-terminal-lifecycle.test.ts[2m > [22mactual viewport terminal resource ownership[2m > [22ma live rejected scene readiness still reports a genuine refusal[32m 60[2mms[22m[39m
 [32m✓[39m desktop/linux/test/viewport-terminal-lifecycle.test.ts[2m > [22mactual viewport terminal resource ownership[2m > [22mreports genuine pre-abort frame rejection but suppresses late rejection and retained reports[32m 96[2mms[22m[39m
 [32m✓[39m desktop/linux/test/viewport-terminal-lifecycle.test.ts[2m > [22mactual viewport terminal resource ownership[2m > [22mpagehide during actual openPath fences its late report[32m 40[2mms[22m[39m
 [32m✓[39m desktop/linux/test/viewport-terminal-lifecycle.test.ts[2m > [22mactual viewport terminal resource ownership[2m > [22mreleases partial allocations after mount-failure even if a release throws[32m 69[2mms[22m[39m
 [32m✓[39m desktop/linux/test/viewport-terminal-lifecycle.test.ts[2m > [22mactual viewport terminal resource ownership[2m > [22mreleases partial allocations after observe-failure even if a release throws[32m 61[2mms[22m[39m
 [32m✓[39m desktop/linux/test/viewport-terminal-lifecycle.test.ts[2m > [22mactual viewport terminal resource ownership[2m > [22mreleases partial allocations after cleanup-failure even if a release throws[32m 44[2mms[22m[39m
 [32m✓[39m desktop/linux/test/viewport-terminal-lifecycle.test.ts[2m > [22mactual viewport terminal resource ownership[2m > [22mterminal shutdown initiates close synchronously during ready and suppresses late audio work[32m 45[2mms[22m[39m
 [32m✓[39m desktop/linux/test/viewport-terminal-lifecycle.test.ts[2m > [22mactual viewport terminal resource ownership[2m > [22mterminal shutdown initiates close synchronously during request and suppresses late audio work[32m 54[2mms[22m[39m
 [32m✓[39m desktop/linux/test/viewport-terminal-lifecycle.test.ts[2m > [22mactual viewport terminal resource ownership[2m > [22mterminal shutdown initiates close synchronously during digest and suppresses late audio work[32m 37[2mms[22m[39m
 [32m✓[39m desktop/linux/test/viewport-terminal-lifecycle.test.ts[2m > [22mactual viewport terminal resource ownership[2m > [22mterminal shutdown initiates close synchronously during resume and suppresses late audio work[32m 60[2mms[22m[39m
 [32m✓[39m desktop/linux/test/viewport-terminal-lifecycle.test.ts[2m > [22mactual viewport terminal resource ownership[2m > [22mterminal shutdown initiates close synchronously during decode and suppresses late audio work[32m 43[2mms[22m[39m
 [32m✓[39m desktop/linux/test/viewport-terminal-lifecycle.test.ts[2m > [22mactual viewport terminal resource ownership[2m > [22mterminal shutdown also closes controls retired by a normal stop before its 100ms measurement[32m 47[2mms[22m[39m
 [32m✓[39m desktop/linux/test/audio-lifecycle-compat.test.ts[2m > [22mretains descriptor/digest admission and Ogg host codec, refuses bad envelopes before decode[32m 5[2mms[22m[39m
 [32m✓[39m desktop/linux/test/audio-lifecycle-compat.test.ts[2m > [22mStop cancels before fetch, before digest and before deferred host decode[32m 3[2mms[22m[39m
 [32m✓[39m desktop/linux/test/audio-lifecycle-compat.test.ts[2m > [22mnew Play wins out-of-order request and decode completions[32m 5[2mms[22m[39m
 [32m✓[39m desktop/linux/test/audio-lifecycle-compat.test.ts[2m > [22mreset/project/profile cancellation denies Kids before context allocation[32m 1[2mms[22m[39m
 [32m✓[39m desktop/linux/test/audio-lifecycle-compat.test.ts[2m > [22mrequest/decode/close rejection is named and repeated disposal closes once[32m 1[2mms[22m[39m
 [32m✓[39m desktop/linux/test/audio-lifecycle-compat.test.ts[2m > [22mfrozen PR310 package refusal preserves modern presentation and physics projection[32m 90[2mms[22m[39m
 [32m✓[39m desktop/linux/test/audio-lifecycle-compat.test.ts[2m > [22mper-clip Stop leaves other accepted sources playing, reset retires the entire project[32m 1[2mms[22m[39m
 [32m✓[39m desktop/linux/test/audio-lifecycle-compat.test.ts[2m > [22mrejected close is not reported as successful context disposal[32m 1[2mms[22m[39m
 [32m✓[39m desktop/linux/test/audio-lifecycle-compat.test.ts[2m > [22mchrome null-profile fence cancels synchronously before a stale request completes[32m 2[2mms[22m[39m
 [32m✓[39m desktop/linux/test/audio-lifecycle-compat.test.ts[2m > [22mmalformed authority events remain denied and disposed listeners cannot restore authority[32m 1[2mms[22m[39m
 [32m✓[39m desktop/linux/test/native-assistant-scene-compat.test.ts[2m > [22mprivate injected local assistant execution[2m > [22mdispatches the real injected compiler with trimmed prompt/profile/progress and publishes its result[32m 30[2mms[22m[39m
 [32m✓[39m desktop/linux/test/native-assistant-scene-compat.test.ts[2m > [22mprivate injected local assistant execution[2m > [22mkeeps default local compilation when no executor is injected[32m 5[2mms[22m[39m
 [32m✓[39m desktop/linux/test/native-assistant-scene-compat.test.ts[2m > [22mprivate injected local assistant execution[2m > [22mrefuses Kids/hosted/BYO before calling a private local executor[32m 2[2mms[22m[39m
 [32m✓[39m desktop/linux/test/native-assistant-scene-compat.test.ts[2m > [22mprivate injected local assistant execution[2m > [22msettles false async/sync injected failures as runtime refusals[32m 3[2mms[22m[39m
 [32m✓[39m desktop/linux/test/native-assistant-scene-compat.test.ts[2m > [22mprivate injected local assistant execution[2m > [22msettles true async/sync injected failures as runtime refusals[32m 2[2mms[22m[39m
 [32m✓[39m desktop/linux/test/native-assistant-scene-compat.test.ts[2m > [22mprivate injected local assistant execution[2m > [22mfences progress and completion from an abandoned injected job[32m 5[2mms[22m[39m
 [32m✓[39m desktop/linux/test/native-assistant-scene-compat.test.ts[2m > [22mcomplete current scene-operation compatibility[2m > [22mruns create/rename through real E1 review, accept and fresh bridge reopen[33m 473[2mms[22m[39m
 [32m✓[39m desktop/linux/test/native-assistant-scene-compat.test.ts[2m > [22mcomplete current scene-operation compatibility[2m > [22mstages a named empty node and reproduces the digest without changing source bytes[32m 93[2mms[22m[39m
 [32m✓[39m desktop/linux/test/native-assistant-scene-compat.test.ts[2m > [22mcomplete current scene-operation compatibility[2m > [22mreconstructs and stages exactly one real box primitive[32m 92[2mms[22m[39m
 [32m✓[39m desktop/linux/test/native-assistant-scene-compat.test.ts[2m > [22mcomplete current scene-operation compatibility[2m > [22mreconstructs and stages exactly one real cylinder primitive[32m 75[2mms[22m[39m
 [32m✓[39m desktop/linux/test/native-assistant-scene-compat.test.ts[2m > [22mcomplete current scene-operation compatibility[2m > [22mreconstructs and stages exactly one real sphere primitive[32m 90[2mms[22m[39m
 [32m✓[39m desktop/linux/test/native-assistant-scene-compat.test.ts[2m > [22mcomplete current scene-operation compatibility[2m > [22mrenames an existing artifact without changing artifact bytes, placement or selection[32m 79[2mms[22m[39m
 [32m✓[39m desktop/linux/test/native-assistant-scene-compat.test.ts[2m > [22mcomplete current scene-operation compatibility[2m > [22mpreserves node kind/name through rename, legacy reparent, transform edits and reopen[33m 358[2mms[22m[39m
 [32m✓[39m desktop/linux/test/native-assistant-scene-compat.test.ts[2m > [22mcomplete current scene-operation compatibility[2m > [22mkeeps document/profile/policy refusal precedence and distinguishes absent creation parent from stale rename target[32m 69[2mms[22m[39m

[2m Test Files [22m [1m[32m4 passed[39m[22m[90m (4)[39m
[2m      Tests [22m [1m[32m47 passed[39m[22m[90m (47)[39m
[2m   Start at [22m 18:38:26
[2m   Duration [22m 6.63s[2m (transform 11.62s, setup 0ms, import 15.35s, tests 2.75s, environment 0ms)[22m

