
[1m[30m[46m RUN [49m[39m[22m [36mv4.1.11 [39m[90m/tmp/sceneaxi-comprehensive-owned-xd4gdfl1[39m

 [32m✓[39m desktop/linux/test/viewport-terminal-lifecycle.test.ts[2m > [22mactual viewport terminal resource ownership[2m > [22mstops all allocated root resources once and fences retained entry points[32m 176[2mms[22m[39m
 [32m✓[39m desktop/linux/test/viewport-terminal-lifecycle.test.ts[2m > [22mactual viewport terminal resource ownership[2m > [22mpagehide during input readiness cannot allocate or issue later IPC[32m 76[2mms[22m[39m
 [32m✓[39m desktop/linux/test/viewport-terminal-lifecycle.test.ts[2m > [22mactual viewport terminal resource ownership[2m > [22mpagehide during scene readiness cannot allocate or issue later IPC[32m 58[2mms[22m[39m
 [31m×[39m desktop/linux/test/viewport-terminal-lifecycle.test.ts[2m > [22mactual viewport terminal resource ownership[2m > [22ma rejected input readiness after pagehide is cancellation, not a late refusal[32m 59[2mms[22m[39m
[31m   → expected 1 to be +0 // Object.is equality[39m
 [31m×[39m desktop/linux/test/viewport-terminal-lifecycle.test.ts[2m > [22mactual viewport terminal resource ownership[2m > [22ma rejected scene readiness after pagehide is cancellation, not a late refusal[32m 63[2mms[22m[39m
[31m   → expected 1 to be +0 // Object.is equality[39m
 [32m✓[39m desktop/linux/test/viewport-terminal-lifecycle.test.ts[2m > [22mactual viewport terminal resource ownership[2m > [22mreports genuine pre-abort frame rejection but suppresses late rejection and retained reports[32m 110[2mms[22m[39m
 [32m✓[39m desktop/linux/test/viewport-terminal-lifecycle.test.ts[2m > [22mactual viewport terminal resource ownership[2m > [22mpagehide during actual openPath fences its late report[32m 37[2mms[22m[39m
 [32m✓[39m desktop/linux/test/viewport-terminal-lifecycle.test.ts[2m > [22mactual viewport terminal resource ownership[2m > [22mreleases partial allocations after mount-failure even if a release throws[32m 42[2mms[22m[39m
 [32m✓[39m desktop/linux/test/viewport-terminal-lifecycle.test.ts[2m > [22mactual viewport terminal resource ownership[2m > [22mreleases partial allocations after observe-failure even if a release throws[32m 56[2mms[22m[39m
 [32m✓[39m desktop/linux/test/viewport-terminal-lifecycle.test.ts[2m > [22mactual viewport terminal resource ownership[2m > [22mreleases partial allocations after cleanup-failure even if a release throws[32m 39[2mms[22m[39m
 [32m✓[39m desktop/linux/test/viewport-terminal-lifecycle.test.ts[2m > [22mactual viewport terminal resource ownership[2m > [22mterminal shutdown initiates close synchronously during ready and suppresses late audio work[32m 39[2mms[22m[39m
 [32m✓[39m desktop/linux/test/viewport-terminal-lifecycle.test.ts[2m > [22mactual viewport terminal resource ownership[2m > [22mterminal shutdown initiates close synchronously during request and suppresses late audio work[32m 38[2mms[22m[39m
 [32m✓[39m desktop/linux/test/viewport-terminal-lifecycle.test.ts[2m > [22mactual viewport terminal resource ownership[2m > [22mterminal shutdown initiates close synchronously during digest and suppresses late audio work[32m 47[2mms[22m[39m
 [32m✓[39m desktop/linux/test/viewport-terminal-lifecycle.test.ts[2m > [22mactual viewport terminal resource ownership[2m > [22mterminal shutdown initiates close synchronously during resume and suppresses late audio work[32m 41[2mms[22m[39m
 [32m✓[39m desktop/linux/test/viewport-terminal-lifecycle.test.ts[2m > [22mactual viewport terminal resource ownership[2m > [22mterminal shutdown initiates close synchronously during decode and suppresses late audio work[32m 64[2mms[22m[39m
 [32m✓[39m desktop/linux/test/viewport-terminal-lifecycle.test.ts[2m > [22mactual viewport terminal resource ownership[2m > [22mterminal shutdown also closes controls retired by a normal stop before its 100ms measurement[32m 49[2mms[22m[39m

[31m⎯⎯⎯⎯⎯⎯⎯[39m[1m[41m Failed Tests 2 [49m[22m[31m⎯⎯⎯⎯⎯⎯⎯[39m

[41m[1m FAIL [22m[49m desktop/linux/test/viewport-terminal-lifecycle.test.ts[2m > [22mactual viewport terminal resource ownership[2m > [22ma rejected input readiness after pagehide is cancellation, not a late refusal
[41m[1m FAIL [22m[49m desktop/linux/test/viewport-terminal-lifecycle.test.ts[2m > [22mactual viewport terminal resource ownership[2m > [22ma rejected scene readiness after pagehide is cancellation, not a late refusal
[31m[1mAssertionError[22m: expected 1 to be +0 // Object.is equality[39m

[32m- Expected[39m
[31m+ Received[39m

[32m- 0[39m
[31m+ 1[39m

[36m [2m❯[22m desktop/linux/test/viewport-terminal-lifecycle.test.ts:[2m164:28[22m[39m
    [90m162|[39m     const h = host(mode); await h.settle(); h.hide(); const writes = h…
    [90m163|[39m     h[33m.[39m[34mrejectReadiness[39m()[33m;[39m [35mawait[39m h[33m.[39m[34msettle[39m()[33m;[39m
    [90m164|[39m     expect(h.calls.writes).toBe(writes); expect(h.calls.backendCreate)…
    [90m   |[39m                            [31m^[39m
    [90m165|[39m   })[33m;[39m
    [90m166|[39m

[31m[2m⎯⎯⎯⎯⎯⎯⎯⎯⎯⎯⎯⎯⎯⎯⎯⎯⎯⎯⎯⎯⎯⎯⎯⎯[1/2]⎯[22m[39m


[2m Test Files [22m [1m[31m1 failed[39m[22m[90m (1)[39m
[2m      Tests [22m [1m[31m2 failed[39m[22m[2m | [22m[1m[32m14 passed[39m[22m[90m (16)[39m
[2m   Start at [22m 18:33:43
[2m   Duration [22m 3.71s[2m (transform 1.89s, setup 0ms, import 2.47s, tests 1000ms, environment 0ms)[22m

