
  x anti-slop(no-reflect-get): Replace `Reflect.get` with typed property access. Parse dynamic input into a named domain type before reading it.
    ,-[desktop/linux/src/renderer/viewport.ts:48:21]
 47 | function bridge(): BridgeGlobal | null {
 48 |   const candidate = Reflect.get(globalThis, DESKTOP_BRIDGE_GLOBAL);
    :                     ^^^^^^^^^^^^^^^^^^^^^^^^^^^^^^^^^^^^^^^^^^^^^^
 49 |   return isBridgeGlobal(candidate) ? candidate : null;
    `----

  x anti-slop(no-unknown-parameters): Parameter `error` leaves input unparsed. Accept a named domain type; run the expected schema or parser at the I/O boundary before calling this function.
     ,-[desktop/linux/src/renderer/viewport.ts:267:42]
 266 | function startLiveViewport(): void {
 267 |   void mountLiveViewport().catch((error: unknown) => {
     :                                          ^^^^^^^
 268 |     refuseLiveViewport(document.querySelector(".viewport"), refusalText(error));
     `----

  x anti-slop(no-runtime-typeof): A `typeof` check narrows a representation without establishing its contract. Parse input at its I/O boundary, then branch on the domain value.
     ,-[desktop/linux/src/renderer/viewport.ts:282:98]
 281 | 
 282 | function isCallable<Input>(value: Input): value is Input & ((...args: never[]) => void) { return typeof value === "function"; }
     :                                                                                                  ^^^^^^^^^^^^
 283 | function isBridgeGlobal<Input>(value: Input): value is Input & BridgeGlobal {
     `----

  x anti-slop(no-runtime-typeof): A `typeof` check narrows a representation without establishing its contract. Parse input at its I/O boundary, then branch on the domain value.
     ,-[desktop/linux/src/renderer/viewport.ts:284:7]
 283 | function isBridgeGlobal<Input>(value: Input): value is Input & BridgeGlobal {
 284 |   if (typeof value !== "object" || value === null || !("request" in value)) return false;
     :       ^^^^^^^^^^^^
 285 |   return isCallable(value.request) && (!("inputActions" in value) || value.inputActions === undefined || isCallable(value.inputActions)) && (!("configureByo" in value) || value.configureByo === undefined || isCallable(value.configureByo));
     `----

Found 0 warnings and 4 errors.
Finished in 473ms on 1 file with 115 rules using 12 threads.
