
 RUN  v4.1.11 /tmp/sceneaxi-comprehensive-owned-xd4gdfl1

····························(node:2826859) ExperimentalWarning: Transform Types is an experimental feature and might change at any time
(Use `node --trace-warnings ...` to show where the warning was created)
··(node:2826859) ExperimentalWarning: Transform Types is an experimental feature and might change at any time
(Use `node --trace-warnings ...` to show where the warning was created)
···(node:2826859) ExperimentalWarning: Transform Types is an experimental feature and might change at any time
(Use `node --trace-warnings ...` to show where the warning was created)
·(node:2826859) ExperimentalWarning: Transform Types is an experimental feature and might change at any time
(Use `node --trace-warnings ...` to show where the warning was created)
·(node:2826859) ExperimentalWarning: Transform Types is an experimental feature and might change at any time
(Use `node --trace-warnings ...` to show where the warning was created)
···(node:2826859) ExperimentalWarning: Transform Types is an experimental feature and might change at any time
(Use `node --trace-warnings ...` to show where the warning was created)
(node:2826859) ExperimentalWarning: Transform Types is an experimental feature and might change at any time
(Use `node --trace-warnings ...` to show where the warning was created)
·

 Test Files  3 passed (3)
      Tests  39 passed (39)
   Start at  17:04:52
   Duration  43.11s (transform 6.15s, setup 0ms, import 8.13s, tests 42.93s, environment 0ms)

