✔ primitive predicate (346.235302ms)
✔ async predicate decoder (325.938122ms)
✔ generator predicate decoder (313.029508ms)
✔ async arrow predicate (318.48516ms)
✔ async expression predicate (477.987124ms)
✔ async decoder (394.22919ms)
✔ generator decoder (462.447014ms)
✔ finite predicate (455.541436ms)
✔ optional raw object shell (341.769771ms)
✔ checked same-input decoder (311.406691ms)
✔ renamed checked decoder (343.098158ms)
✔ option remains opt-in (307.811319ms)
✔ boolean predicate (375.450597ms)
✔ arrow predicate (283.359172ms)
✔ function expression predicate (315.168833ms)
✔ reassigned validator (388.880808ms)
✔ contract mismatch (242.722318ms)
✔ shadowed Readonly (296.385192ms)
✔ unchecked default return (315.297505ms)
✔ generic unknown (266.488591ms)
✔ cause existing exemption (318.311117ms)
✔ representation only (267.999285ms)
✔ unrelated typeof in predicate (390.898733ms)
✔ unrelated predicate statement (306.224176ms)
✔ lying domain predicate (288.184569ms)
✔ inverted predicate (360.628179ms)
✔ alternate unchecked predicate (302.609254ms)
✔ always-true decoder (346.631362ms)
✔ shadowed validator (444.400995ms)
✔ imported unverifiable validator (424.891489ms)
✔ wrong validated input (323.992321ms)
✔ wrong return input (280.929844ms)
✔ unchecked decoder return (370.111058ms)
✔ unchecked alternate branch (328.96053ms)
✔ pre-validation property access (297.99535ms)
✔ unchecked parse assertion (318.991181ms)
✔ modified subject (341.004784ms)
✔ shadowed Number (315.781131ms)
✔ shadowed Array (325.061572ms)
✔ required unknown shell (301.23177ms)
✔ typed shell field (354.121755ms)
✔ unvalidated dictionary (323.643354ms)
✔ unchecked compatibility dictionary (273.306313ms)
✔ concrete dictionary (306.340078ms)
✔ raw public port not exempted by name (301.572372ms)
✔ transport not exempted by apply name (300.44493ms)
ℹ tests 46
ℹ suites 0
ℹ pass 46
ℹ fail 0
ℹ cancelled 0
ℹ skipped 0
ℹ todo 0
ℹ duration_ms 15505.622227
