[96mdesktop/linux/src/lib/bridge-contract-assistant.ts[0m:[93m9[0m:[93m38[0m - [91merror[0m[90m TS2307: [0mCannot find module '@sceneaxi/desktop-shell' or its corresponding type declarations.

[7m9[0m import type { DesktopSnapshot } from "@sceneaxi/desktop-shell";
[7m [0m [91m                                     ~~~~~~~~~~~~~~~~~~~~~~~~~[0m
[96mdesktop/linux/src/lib/bridge.ts[0m:[93m79[0m:[93m8[0m - [91merror[0m[90m TS2307: [0mCannot find module '@sceneaxi/desktop-shell' or its corresponding type declarations.

[7m79[0m } from "@sceneaxi/desktop-shell";
[7m  [0m [91m       ~~~~~~~~~~~~~~~~~~~~~~~~~[0m
[96mdesktop/linux/src/lib/bridge.ts[0m:[93m86[0m:[93m8[0m - [91merror[0m[90m TS2307: [0mCannot find module '@sceneaxi-internal/desktop-session-project-git' or its corresponding type declarations.

[7m86[0m } from "@sceneaxi-internal/desktop-session-project-git";
[7m  [0m [91m       ~~~~~~~~~~~~~~~~~~~~~~~~~~~~~~~~~~~~~~~~~~~~~~~~[0m
[96mdesktop/linux/src/lib/bridge.ts[0m:[93m372[0m:[93m9[0m - [91merror[0m[90m TS18046: [0m'cause' is of type 'unknown'.

[7m372[0m         cause.diagnostic.code === PROJECT_GIT_DIAGNOSTICS.repositoryUnavailable
[7m   [0m [91m        ~~~~~[0m
[96mdesktop/linux/src/lib/bridge.ts[0m:[93m390[0m:[93m19[0m - [91merror[0m[90m TS2304: [0mCannot find name 'DesktopDocumentData'.

[7m390[0m     documentData: DesktopDocumentData,
[7m   [0m [91m                  ~~~~~~~~~~~~~~~~~~~[0m
[96mdesktop/linux/src/lib/bridge.ts[0m:[93m466[0m:[93m36[0m - [91merror[0m[90m TS7006: [0mParameter 'edit' implicitly has an 'any' type.

[7m466[0m       pending.proposal.edits.some((edit) =>
[7m   [0m [91m                                   ~~~~[0m
[96mdesktop/linux/src/lib/bridge.ts[0m:[93m544[0m:[93m62[0m - [91merror[0m[90m TS7006: [0mParameter 'edit' implicitly has an 'any' type.

[7m544[0m     const hierarchyEdits = decorated.proposal?.edits.filter((edit) =>
[7m   [0m [91m                                                             ~~~~[0m
[96mdesktop/linux/src/lib/bridge.ts[0m:[93m552[0m:[93m30[0m - [91merror[0m[90m TS7006: [0mParameter 'edit' implicitly has an 'any' type.

[7m552[0m     if (hierarchyEdits.some((edit) =>
[7m   [0m [91m                             ~~~~[0m
[96mdesktop/linux/src/lib/bridge.ts[0m:[93m568[0m:[93m53[0m - [91merror[0m[90m TS7006: [0mParameter 'edit' implicitly has an 'any' type.

[7m568[0m     const edits = Object.freeze(proposal.edits.map((edit) => Object.freeze({
[7m   [0m [91m                                                    ~~~~[0m
[96mdesktop/linux/src/lib/bridge.ts[0m:[93m576[0m:[93m25[0m - [91merror[0m[90m TS7006: [0mParameter 'edit' implicitly has an 'any' type.

[7m576[0m       ...edits.flatMap((edit) => [
[7m   [0m [91m                        ~~~~[0m
[96mdesktop/linux/src/lib/bridge.ts[0m:[93m618[0m:[93m56[0m - [91merror[0m[90m TS2304: [0mCannot find name 'DesktopDocumentData'.

[7m618[0m         const optional: DesktopOptionalFields<{ data?: DesktopDocumentData; dataKeys?: readonly string[] }> = {};
[7m   [0m [91m                                                       ~~~~~~~~~~~~~~~~~~~[0m
[96mdesktop/linux/src/lib/bridge.ts[0m:[93m800[0m:[93m32[0m - [91merror[0m[90m TS18046: [0m'cause' is of type 'unknown'.

[7m800[0m       return immediate(refused(cause.diagnostic.code, cause.diagnostic.message));
[7m   [0m [91m                               ~~~~~[0m
[96mdesktop/linux/src/lib/bridge.ts[0m:[93m800[0m:[93m55[0m - [91merror[0m[90m TS18046: [0m'cause' is of type 'unknown'.

[7m800[0m       return immediate(refused(cause.diagnostic.code, cause.diagnostic.message));
[7m   [0m [91m                                                      ~~~~~[0m
[96mdesktop/linux/src/lib/bridge.ts[0m:[93m1090[0m:[93m33[0m - [91merror[0m[90m TS2304: [0mCannot find name 'DesktopDocumentData'.

[7m1090[0m     const rarityStatus = (data: DesktopDocumentData) => {
[7m    [0m [91m                                ~~~~~~~~~~~~~~~~~~~[0m
[96mdesktop/linux/src/lib/bridge.ts[0m:[93m1317[0m:[93m49[0m - [91merror[0m[90m TS7006: [0mParameter 'edit' implicitly has an 'any' type.

[7m1317[0m                   snapshot.proposal?.edits.map((edit) => edit.documentPath) ?? [documentPath],
[7m    [0m [91m                                                ~~~~[0m
[96mdesktop/linux/src/lib/bridge.ts[0m:[93m2703[0m:[93m72[0m - [91merror[0m[90m TS2304: [0mCannot find name 'PhysicsWorldHost'.

[7m2703[0m             const optional: DesktopOptionalFields<{ physicsWorldHost?: PhysicsWorldHost }> = {};
[7m    [0m [91m                                                                       ~~~~~~~~~~~~~~~~[0m
[96mdesktop/linux/src/lib/bridge.ts[0m:[93m3221[0m:[93m11[0m - [91merror[0m[90m TS18046: [0m'cause' is of type 'unknown'.

[7m3221[0m           cause.diagnostic.code,
[7m    [0m [91m          ~~~~~[0m
[96mdesktop/linux/src/lib/bridge.ts[0m:[93m3222[0m:[93m11[0m - [91merror[0m[90m TS18046: [0m'cause' is of type 'unknown'.

[7m3222[0m           cause.diagnostic.message,
[7m    [0m [91m          ~~~~~[0m
[96mdesktop/linux/src/lib/bridge.ts[0m:[93m3223[0m:[93m11[0m - [91merror[0m[90m TS18046: [0m'cause' is of type 'unknown'.

[7m3223[0m           cause.diagnostic.path,
[7m    [0m [91m          ~~~~~[0m
[96mdesktop/linux/src/lib/bridge/assistant.ts[0m:[93m9[0m:[93m38[0m - [91merror[0m[90m TS2307: [0mCannot find module '@sceneaxi/desktop-shell' or its corresponding type declarations.

[7m9[0m import type { DesktopSnapshot } from "@sceneaxi/desktop-shell";
[7m [0m [91m                                     ~~~~~~~~~~~~~~~~~~~~~~~~~[0m
[96mdesktop/linux/src/lib/bridge/context.ts[0m:[93m1[0m:[93m77[0m - [91merror[0m[90m TS2307: [0mCannot find module '@sceneaxi/desktop-shell' or its corresponding type declarations.

[7m1[0m import type { DesktopDocumentStatus, DesktopSession, DesktopSnapshot } from "@sceneaxi/desktop-shell";
[7m [0m [91m                                                                            ~~~~~~~~~~~~~~~~~~~~~~~~~[0m
[96mdesktop/linux/src/lib/chrome-document.ts[0m:[93m25[0m:[93m8[0m - [91merror[0m[90m TS2307: [0mCannot find module '@sceneaxi/desktop-shell' or its corresponding type declarations.

[7m25[0m } from "@sceneaxi/desktop-shell";
[7m  [0m [91m       ~~~~~~~~~~~~~~~~~~~~~~~~~[0m
[96mdesktop/linux/src/lib/web-export.ts[0m:[93m32[0m:[93m8[0m - [91merror[0m[90m TS2307: [0mCannot find module '@sceneaxi/desktop-shell' or its corresponding type declarations.

[7m32[0m } from "@sceneaxi/desktop-shell";
[7m  [0m [91m       ~~~~~~~~~~~~~~~~~~~~~~~~~[0m
[96mdesktop/linux/src/renderer/features/audio-controls.ts[0m:[93m85[0m:[93m19[0m - [91merror[0m[90m TS7006: [0mParameter 'destination' implicitly has an 'any' type.

[7m85[0m         connect: (destination) => { node.connect(resolve(destination)); },
[7m  [0m [91m                  ~~~~~~~~~~~[0m
[96mpackages/schemas/src/scene-composition.ts[0m:[93m1460[0m:[93m76[0m - [91merror[0m[90m TS2379: [0mArgument of type '{ kind: "node"; artifactId: string; artifact: SculptArtifact; instanceId: string; parentInstanceId: string | null; depth: number; localTransform: SculptTransform; worldMatrix: SceneMatrixV2; name?: never; } | { ...; }' is not assignable to parameter of type 'ResolvedScenePlacementV2' with 'exactOptionalPropertyTypes: true'. Consider adding 'undefined' to the types of the target's properties.
  Object literal may only specify known properties, but 'artifact' does not exist in type 'ResolvedScenePlacementV2'. Did you mean to write 'artifactId'?

[7m1460[0m         placements.push({ ...pose, kind: "node", artifactId: p.artifactId, artifact: p.artifact });
[7m    [0m [91m                                                                           ~~~~~~~~[0m
