
[1m[30m[46m RUN [49m[39m[22m [36mv4.1.11 [39m[90m/tmp/sceneaxi-comprehensive-owned-xd4gdfl1[39m

[33m[39m[31mx[39m[33m[39m[31mx[39m[33m[39m[31mx[39m[33m[39m[31mx[39m

[31m⎯⎯⎯⎯⎯⎯⎯[39m[1m[41m Failed Tests 4 [49m[22m[31m⎯⎯⎯⎯⎯⎯⎯[39m

[41m[1m FAIL [22m[49m packages/engine-presentation/test/legacy-audio-compat.test.ts[2m > [22mpreserves historical object factory, typed tagged nodes, async Play and master volume
[31m[1mTypeError[22m: createContext is not a function[39m
[36m [2m❯[22m createAudioPlaybackPort packages/engine-presentation/src/audio-playback.ts:[2m22:19[22m[39m
    [90m 20|[39m
    [90m 21|[39m export function createAudioPlaybackPort(createContext: () => AudioCont…
    [90m 22|[39m   [35mconst[39m context [33m=[39m [34mcreateContext[39m()[33m;[39m
    [90m   |[39m                   [31m^[39m
    [90m 23|[39m   [35mconst[39m gain [33m=[39m context[33m.[39m[34mcreateGain[39m()[33m;[39m
    [90m 24|[39m   gain.connect(context.observeMasterGain?.(gain) ?? context.destinatio…
[90m [2m❯[22m packages/engine-presentation/test/legacy-audio-compat.test.ts:[2m19:38[22m[39m

[31m[2m⎯⎯⎯⎯⎯⎯⎯⎯⎯⎯⎯⎯⎯⎯⎯⎯⎯⎯⎯⎯⎯⎯⎯⎯[1/4]⎯[22m[39m

[41m[1m FAIL [22m[49m packages/engine-presentation/test/legacy-audio-compat.test.ts[2m > [22mdenies historical Kids before allocating and preserves modern function factory
[31m[1mAssertionError[22m: expected [Function] to throw error including 'AUDIO_KIDS_DENIED' but got 'createContext is not a function'[39m

Expected: [32m"AUDIO_KIDS_DENIED"[39m
Received: [31m"createContext is not a function"[39m

[36m [2m❯[22m packages/engine-presentation/test/legacy-audio-compat.test.ts:[2m34:87[22m[39m
    [90m 32|[39m     [35mconst[39m { ctx[33m,[39m sources } [33m=[39m [34mfake[39m()[33m;[39m
    [90m 33|[39m     [35mconst[39m create [33m=[39m vi[33m.[39m[34mfn[39m(() [33m=>[39m ctx)[33m;[39m
    [90m 34|[39m     expect(() => createAudioPlaybackPort({ createAudioContext: create,…
    [90m   |[39m                                                                                       [31m^[39m
    [90m 35|[39m     [34mexpect[39m(create)[33m.[39mnot[33m.[39m[34mtoHaveBeenCalled[39m()[33m;[39m
    [90m 36|[39m     [35mconst[39m a [33m=[39m [34mcreateAudioPlaybackPort[39m(create)[33m;[39m

[31m[2m⎯⎯⎯⎯⎯⎯⎯⎯⎯⎯⎯⎯⎯⎯⎯⎯⎯⎯⎯⎯⎯⎯⎯⎯[2/4]⎯[22m[39m

[41m[1m FAIL [22m[49m packages/engine-presentation/test/legacy-audio-compat.test.ts[2m > [22minvalidates pending and out-of-order decodes through Stop and reset
[31m[1mAssertionError[22m: expected { version: 1 } to be { version: 2 } // Object.is equality[39m

[32m- Expected[39m
[31m+ Received[39m

[2m  {[22m
[32m-   "version": 2,[39m
[31m+   "version": 1,[39m
[2m  }[22m

[36m [2m❯[22m packages/engine-presentation/test/legacy-audio-compat.test.ts:[2m59:32[22m[39m
    [90m 57|[39m     [35mawait[39m first[33m;[39m
    [90m 58|[39m     a[33m.[39m[34mplay[39m([32m"clip"[39m)[33m;[39m
    [90m 59|[39m     [34mexpect[39m(sources[[34m0[39m][33m?.[39mbuffer)[33m.[39m[34mtoBe[39m(latest)[33m;[39m
    [90m   |[39m                                [31m^[39m
    [90m 60|[39m     [35mconst[39m pending [33m=[39m a[33m.[39m[34mload[39m([32m"pending"[39m[33m,[39m [35mnew[39m [33mUint8Array[39m([[34m3[39m]))[33m;[39m
    [90m 61|[39m     a[33m.[39m[34mstop[39m([32m"pending"[39m)[33m;[39m

[31m[2m⎯⎯⎯⎯⎯⎯⎯⎯⎯⎯⎯⎯⎯⎯⎯⎯⎯⎯⎯⎯⎯⎯⎯⎯[3/4]⎯[22m[39m

[41m[1m FAIL [22m[49m packages/engine-presentation/test/legacy-audio-compat.test.ts[2m > [22mrejects post-dispose decoding and closes every source even after host stop errors
[31m[1mAssertionError[22m: expected "vi.fn()" to be called 1 times, but got 0 times[39m
[36m [2m❯[22m packages/engine-presentation/test/legacy-audio-compat.test.ts:[2m90:32[22m[39m
    [90m 88|[39m         f[33m.[39msources[[34m0[39m][33m.[39mstop [33m=[39m vi[33m.[39m[34mfn[39m(() [33m=>[39m { [35mthrow[39m [33mError[39m([32m"host stop"[39m)[33m;[39m })[33m;[39m
    [90m 89|[39m     [35mawait[39m [34mexpect[39m(b[33m.[39m[34mdispose[39m())[33m.[39mrejects[33m.[39m[34mtoThrow[39m([36m/host stop/[39m)[33m;[39m
    [90m 90|[39m     [34mexpect[39m(f[33m.[39msources[[34m1[39m][33m?.[39mstop)[33m.[39m[34mtoHaveBeenCalledTimes[39m([34m1[39m)[33m;[39m
    [90m   |[39m                                [31m^[39m
    [90m 91|[39m     [34mexpect[39m(f[33m.[39mctx[33m.[39mclose)[33m.[39m[34mtoHaveBeenCalledTimes[39m([34m1[39m)[33m;[39m
    [90m 92|[39m     [35mawait[39m b[33m.[39m[34mdispose[39m()[33m;[39m

[31m[2m⎯⎯⎯⎯⎯⎯⎯⎯⎯⎯⎯⎯⎯⎯⎯⎯⎯⎯⎯⎯⎯⎯⎯⎯[4/4]⎯[22m[39m


[2m Test Files [22m [1m[31m1 failed[39m[22m[90m (1)[39m
[2m      Tests [22m [1m[31m4 failed[39m[22m[90m (4)[39m
[2m   Start at [22m 11:22:25
[2m   Duration [22m 3.18s[2m (transform 2.38s, setup 0ms, import 2.84s, tests 63ms, environment 0ms)[22m

