
[1m[30m[46m RUN [49m[39m[22m [36mv4.1.11 [39m[90m/tmp/sceneaxi-comprehensive-owned-xd4gdfl1[39m

[33m[39m[31mx[39m[33m[39m[31mx[39m[33m[39m[31mx[39m[33m[39m[31mx[39m[33m[39m[31mx[39m[33m[39m[31mx[39m

[31m⎯⎯⎯⎯⎯⎯⎯[39m[1m[41m Failed Tests 6 [49m[22m[31m⎯⎯⎯⎯⎯⎯⎯[39m

[41m[1m FAIL [22m[49m desktop/linux/test/audio-lifecycle-compat.test.ts[2m > [22mretains descriptor/digest admission and Ogg host codec, refuses bad envelopes before decode
[31m[1mTypeError[22m: createDesktopAudioLifecycle is not a function[39m
[36m [2m❯[22m fixture desktop/linux/test/audio-lifecycle-compat.test.ts:[2m23:19[22m[39m
    [90m 21|[39m     [35mconst[39m create [33m=[39m vi[33m.[39m[34mfn[39m(() [33m=>[39m context)[33m,[39m report [33m=[39m vi[33m.[39m[34mfn[39m()[33m;[39m
    [90m 22|[39m     const request = vi.fn(async (): Promise<unknown> => response), has…
    [90m 23|[39m     const audio = createDesktopAudioLifecycle({ createAudioPlaybackPor…
    [90m   |[39m                   [31m^[39m
    [90m 24|[39m     return { audio, context, create, report, request, hash, sources, s…
    [90m 25|[39m }
[90m [2m❯[22m desktop/linux/test/audio-lifecycle-compat.test.ts:[2m27:15[22m[39m

[31m[2m⎯⎯⎯⎯⎯⎯⎯⎯⎯⎯⎯⎯⎯⎯⎯⎯⎯⎯⎯⎯⎯⎯⎯⎯[1/6]⎯[22m[39m

[41m[1m FAIL [22m[49m desktop/linux/test/audio-lifecycle-compat.test.ts[2m > [22mStop cancels before fetch, before digest and before deferred host decode
[31m[1mTypeError[22m: createDesktopAudioLifecycle is not a function[39m
[36m [2m❯[22m fixture desktop/linux/test/audio-lifecycle-compat.test.ts:[2m23:19[22m[39m
    [90m 21|[39m     [35mconst[39m create [33m=[39m vi[33m.[39m[34mfn[39m(() [33m=>[39m context)[33m,[39m report [33m=[39m vi[33m.[39m[34mfn[39m()[33m;[39m
    [90m 22|[39m     const request = vi.fn(async (): Promise<unknown> => response), has…
    [90m 23|[39m     const audio = createDesktopAudioLifecycle({ createAudioPlaybackPor…
    [90m   |[39m                   [31m^[39m
    [90m 24|[39m     return { audio, context, create, report, request, hash, sources, s…
    [90m 25|[39m }
[90m [2m❯[22m desktop/linux/test/audio-lifecycle-compat.test.ts:[2m42:19[22m[39m

[31m[2m⎯⎯⎯⎯⎯⎯⎯⎯⎯⎯⎯⎯⎯⎯⎯⎯⎯⎯⎯⎯⎯⎯⎯⎯[2/6]⎯[22m[39m

[41m[1m FAIL [22m[49m desktop/linux/test/audio-lifecycle-compat.test.ts[2m > [22mnew Play wins out-of-order request and decode completions
[31m[1mTypeError[22m: createDesktopAudioLifecycle is not a function[39m
[36m [2m❯[22m fixture desktop/linux/test/audio-lifecycle-compat.test.ts:[2m23:19[22m[39m
    [90m 21|[39m     [35mconst[39m create [33m=[39m vi[33m.[39m[34mfn[39m(() [33m=>[39m context)[33m,[39m report [33m=[39m vi[33m.[39m[34mfn[39m()[33m;[39m
    [90m 22|[39m     const request = vi.fn(async (): Promise<unknown> => response), has…
    [90m 23|[39m     const audio = createDesktopAudioLifecycle({ createAudioPlaybackPor…
    [90m   |[39m                   [31m^[39m
    [90m 24|[39m     return { audio, context, create, report, request, hash, sources, s…
    [90m 25|[39m }
[90m [2m❯[22m desktop/linux/test/audio-lifecycle-compat.test.ts:[2m61:15[22m[39m

[31m[2m⎯⎯⎯⎯⎯⎯⎯⎯⎯⎯⎯⎯⎯⎯⎯⎯⎯⎯⎯⎯⎯⎯⎯⎯[3/6]⎯[22m[39m

[41m[1m FAIL [22m[49m desktop/linux/test/audio-lifecycle-compat.test.ts[2m > [22mreset/project/profile cancellation denies Kids before context allocation
[31m[1mTypeError[22m: createDesktopAudioLifecycle is not a function[39m
[36m [2m❯[22m fixture desktop/linux/test/audio-lifecycle-compat.test.ts:[2m23:19[22m[39m
    [90m 21|[39m     [35mconst[39m create [33m=[39m vi[33m.[39m[34mfn[39m(() [33m=>[39m context)[33m,[39m report [33m=[39m vi[33m.[39m[34mfn[39m()[33m;[39m
    [90m 22|[39m     const request = vi.fn(async (): Promise<unknown> => response), has…
    [90m 23|[39m     const audio = createDesktopAudioLifecycle({ createAudioPlaybackPor…
    [90m   |[39m                   [31m^[39m
    [90m 24|[39m     return { audio, context, create, report, request, hash, sources, s…
    [90m 25|[39m }
[90m [2m❯[22m desktop/linux/test/audio-lifecycle-compat.test.ts:[2m80:15[22m[39m

[31m[2m⎯⎯⎯⎯⎯⎯⎯⎯⎯⎯⎯⎯⎯⎯⎯⎯⎯⎯⎯⎯⎯⎯⎯⎯[4/6]⎯[22m[39m

[41m[1m FAIL [22m[49m desktop/linux/test/audio-lifecycle-compat.test.ts[2m > [22mrequest/decode/close rejection is named and repeated disposal closes once
[31m[1mTypeError[22m: createDesktopAudioLifecycle is not a function[39m
[36m [2m❯[22m fixture desktop/linux/test/audio-lifecycle-compat.test.ts:[2m23:19[22m[39m
    [90m 21|[39m     [35mconst[39m create [33m=[39m vi[33m.[39m[34mfn[39m(() [33m=>[39m context)[33m,[39m report [33m=[39m vi[33m.[39m[34mfn[39m()[33m;[39m
    [90m 22|[39m     const request = vi.fn(async (): Promise<unknown> => response), has…
    [90m 23|[39m     const audio = createDesktopAudioLifecycle({ createAudioPlaybackPor…
    [90m   |[39m                   [31m^[39m
    [90m 24|[39m     return { audio, context, create, report, request, hash, sources, s…
    [90m 25|[39m }
[90m [2m❯[22m desktop/linux/test/audio-lifecycle-compat.test.ts:[2m97:15[22m[39m

[31m[2m⎯⎯⎯⎯⎯⎯⎯⎯⎯⎯⎯⎯⎯⎯⎯⎯⎯⎯⎯⎯⎯⎯⎯⎯[5/6]⎯[22m[39m

[41m[1m FAIL [22m[49m desktop/linux/test/audio-lifecycle-compat.test.ts[2m > [22mfrozen PR310 package refusal preserves modern presentation and physics projection
[31m[1mTypeError[22m: inspectDesktopScenePackages is not a function[39m
[36m [2m❯[22m desktop/linux/test/audio-lifecycle-compat.test.ts:[2m110:12[22m[39m
    [90m108|[39m })[33m;[39m
    [90m109|[39m it("frozen PR310 package refusal preserves modern presentation and phy…
    [90m110|[39m     expect(inspectDesktopScenePackages({})).toMatchObject({ ok: true }…
    [90m   |[39m            [31m^[39m
    [90m111|[39m     expect(inspectDesktopScenePackages({ scenePackageCatalog: null }))…
    [90m112|[39m     expect(inspectDesktopScenePackages({ scenePackageCatalog: { schema…

[31m[2m⎯⎯⎯⎯⎯⎯⎯⎯⎯⎯⎯⎯⎯⎯⎯⎯⎯⎯⎯⎯⎯⎯⎯⎯[6/6]⎯[22m[39m


[2m Test Files [22m [1m[31m1 failed[39m[22m[90m (1)[39m
[2m      Tests [22m [1m[31m6 failed[39m[22m[90m (6)[39m
[2m   Start at [22m 11:28:12
[2m   Duration [22m 6.15s[2m (transform 4.86s, setup 0ms, import 5.79s, tests 15ms, environment 0ms)[22m

