
[1m[30m[46m RUN [49m[39m[22m [36mv4.1.11 [39m[90m/tmp/sceneaxi-comprehensive-owned-xd4gdfl1[39m

[33m[39m[31mx[39m[33m[39m[32m·[39m[33m[39m[32m·[39m[33m[39m[32m·[39m

[31m⎯⎯⎯⎯⎯⎯⎯[39m[1m[41m Failed Tests 1 [49m[22m[31m⎯⎯⎯⎯⎯⎯⎯[39m

[41m[1m FAIL [22m[49m packages/importers/test/legacy-asset-v1.test.ts[2m > [22madmits original v1 manifest into v2 interface without changing canonical bytes or identities
[31m[1mAssertionError[22m: expected { ok: false, …(2) } to match object { ok: true, replayed: true, …(2) }
(2 matching properties omitted from actual)[39m

[32m- Expected[39m
[31m+ Received[39m

[2m  {[22m
[32m-   "edit": null,[39m
[32m-   "hotReload": false,[39m
[32m-   "ok": true,[39m
[32m-   "replayed": true,[39m
[31m+   "ok": false,[39m
[2m  }[22m

[36m [2m❯[22m packages/importers/test/legacy-asset-v1.test.ts:[2m33:20[22m[39m


[31m[2m⎯⎯⎯⎯⎯⎯⎯⎯⎯⎯⎯⎯⎯⎯⎯⎯⎯⎯⎯⎯⎯⎯⎯⎯[1/1]⎯[22m[39m


[2m Test Files [22m [1m[31m1 failed[39m[22m[90m (1)[39m
[2m      Tests [22m [1m[31m1 failed[39m[22m[2m | [22m[1m[32m3 passed[39m[22m[90m (4)[39m
[2m   Start at [22m 11:37:44
[2m   Duration [22m 4.15s[2m (transform 3.42s, setup 0ms, import 3.79s, tests 150ms, environment 0ms)[22m

