✔ primitive predicate (303.155002ms)
✔ async predicate decoder (338.592807ms)
✔ generator predicate decoder (392.471415ms)
✔ async arrow predicate (291.892674ms)
✔ async expression predicate (305.663565ms)
✔ async decoder (332.397861ms)
✔ generator decoder (323.870841ms)
✔ finite predicate (294.164657ms)
✔ optional raw object shell (300.100186ms)
✔ checked same-input decoder (280.833353ms)
✔ renamed checked decoder (281.416085ms)
✔ option remains opt-in (300.023848ms)
✔ boolean predicate (427.473049ms)
✔ arrow predicate (321.389582ms)
✔ function expression predicate (311.339138ms)
✔ reassigned validator (318.322907ms)
✔ contract mismatch (275.748313ms)
✔ shadowed Readonly (318.31219ms)
✔ unchecked default return (308.949513ms)
✔ generic unknown (280.753169ms)
✔ cause existing exemption (285.45556ms)
✔ representation only (295.801056ms)
✔ unrelated typeof in predicate (275.193356ms)
✔ unrelated predicate statement (291.72335ms)
✔ lying domain predicate (275.423315ms)
✔ inverted predicate (270.683065ms)
✔ alternate unchecked predicate (291.077751ms)
✔ always-true decoder (309.086608ms)
✔ shadowed validator (328.722868ms)
✔ imported unverifiable validator (324.955027ms)
✔ wrong validated input (329.209328ms)
✔ wrong return input (311.975054ms)
✔ unchecked decoder return (320.533445ms)
✔ unchecked alternate branch (304.360839ms)
✔ pre-validation property access (296.394253ms)
✔ unchecked parse assertion (274.948413ms)
✔ modified subject (299.286896ms)
✔ shadowed Number (313.187139ms)
✔ shadowed Array (282.815104ms)
✔ required unknown shell (271.290756ms)
✔ typed shell field (262.668565ms)
✔ unvalidated dictionary (340.908731ms)
✔ unchecked compatibility dictionary (284.255455ms)
✔ concrete dictionary (320.111856ms)
✔ raw public port not exempted by name (278.767905ms)
✔ transport not exempted by apply name (262.491978ms)
ℹ tests 46
ℹ suites 0
ℹ pass 46
ℹ fail 0
ℹ cancelled 0
ℹ skipped 0
ℹ todo 0
ℹ duration_ms 14136.310619
