
[1m[30m[46m RUN [49m[39m[22m [36mv4.1.11 [39m[90m/tmp/sceneaxi-comprehensive-owned-xd4gdfl1[39m

[33m[39m[32m·[39m[33m[39m[32m·[39m[33m[39m[32m·[39m[33m[39m[32m·[39m[33m[39m[32m·[39m[33m[39m[32m·[39m[33m[39m[32m·[39m[33m[39m[32m·[39m[33m[39m[32m·[39m[33m[39m[32m·[39m[33m[39m[32m·[39m[33m[39m[32m·[39m[90mstderr[2m | apps/desktop-shell/test/chrome.test.ts[2m > [22m[2mproduction command forms through the real host[2m > [22m[2mdefines real prefab content via fields, writes only on Save and rejects invalid references
[22m[39m
Warning! Happy DOM has JavaScript evaluation enabled and is running in an insecure environment.

A VM Context is not an isolated environment, and if you run untrusted code you are at risk of RCE (Remote Code Execution) attacks. The attacker can escape the VM and run code at process level.

It is recommended to disable code generation and freeze all builtins at process level by running node with the flags "--disallow-code-generation-from-strings" and "--frozen-intrinsics". You can suppress this warning by setting "suppressInsecureJavaScriptEnvironmentWarning" to "true" at your own risk.

For more information, see https://github.com/capricorn86/happy-dom/wiki/JavaScript-Evaluation-Warning



[33m[39m[32m·[39m[33m[39m[32m·[39m[90mstderr[2m | apps/desktop-shell/test/chrome.test.ts[2m > [22m[2mproduction command forms through the real host[2m > [22m[2mreviews and commits persisted bindings, updates keyboard dispatch, then reviews reset
[22m[39m
Warning! Happy DOM has JavaScript evaluation enabled and is running in an insecure environment.

A VM Context is not an isolated environment, and if you run untrusted code you are at risk of RCE (Remote Code Execution) attacks. The attacker can escape the VM and run code at process level.

It is recommended to disable code generation and freeze all builtins at process level by running node with the flags "--disallow-code-generation-from-strings" and "--frozen-intrinsics". You can suppress this warning by setting "suppressInsecureJavaScriptEnvironmentWarning" to "true" at your own risk.

For more information, see https://github.com/capricorn86/happy-dom/wiki/JavaScript-Evaluation-Warning



[33m[39m[31mx[39m[33m[39m[32m·[39m[33m[39m[32m·[39m[33m[39m[31mx[39m[33m[39m[31mx[39m[33m[39m[32m·[39m[33m[39m[32m·[39m[33m[39m[32m·[39m[33m[39m[32m·[39m[33m[39m[32m·[39m[33m[39m[32m·[39m[33m[39m[32m·[39m[33m[39m[32m·[39m[33m[39m[32m·[39m[33m[39m[32m·[39m[33m[39m[32m·[39m[33m[39m[32m·[39m[33m[39m[32m·[39m[33m[39m[32m·[39m[33m[39m[32m·[39m[33m[39m[32m·[39m[33m[39m[32m·[39m[33m[39m[32m·[39m[33m[39m[32m·[39m[33m[39m[32m·[39m[33m[39m[32m·[39m[33m[39m[32m·[39m[33m[39m[32m·[39m[33m[39m[32m·[39m[33m[39m[32m·[39m[33m[39m[32m·[39m[33m[39m[32m·[39m[33m[39m[32m·[39m[33m[39m[32m·[39m[33m[39m[32m·[39m[33m[39m[32m·[39m[33m[39m[32m·[39m[33m[39m[32m·[39m[33m[39m[32m·[39m[33m[39m[32m·[39m[33m[39m[32m·[39m[33m[39m[32m·[39m[33m[39m[32m·[39m[33m[39m[32m·[39m[33m[39m[32m·[39m[33m[39m[32m·[39m[33m[39m[32m·[39m[33m[39m[32m·[39m[33m[39m[32m·[39m[33m[39m[32m·[39m[33m[39m[32m·[39m[33m[39m[32m·[39m[33m[39m[32m·[39m[33m[39m[32m·[39m[33m[39m[32m·[39m[33m[39m[32m·[39m[33m[39m[32m·[39m[33m[39m[32m·[39m[33m[39m[32m·[39m[33m[39m[32m·[39m[33m[39m[32m·[39m[33m[39m[32m·[39m[33m[39m[32m·[39m[33m[39m[32m·[39m[33m[39m[32m·[39m[33m[39m[32m·[39m[33m[39m[32m·[39m[33m[39m[32m·[39m[33m[39m[32m·[39m[33m[39m[32m·[39m[33m[39m[32m·[39m[33m[39m[32m·[39m[33m[39m[32m·[39m[33m[39m[32m·[39m[33m[39m[32m·[39m[33m[39m[32m·[39m[33m[39m[32m·[39m[33m[39m[32m·[39m[33m[39m[32m·[39m[33m[39m[32m·[39m[33m[39m[32m·[39m[33m[39m[32m·[39m[33m[39m[32m·[39m[33m[39m[32m·[39m[33m[39m[32m·[39m[33m[39m[32m·[39m[33m[39m[32m·[39m[33m[39m[32m·[39m[33m[39m[32m·[39m[33m[39m[31mx[39m[33m[39m[31mx[39m[33m[39m[31mx[39m[33m[39m[31mx[39m[33m[39m[31mx[39m[33m[39m[31mx[39m[33m[39m[31mx[39m[33m[39m[31mx[39m[33m[39m[31mx[39m[33m[39m[31mx[39m[33m[39m[31mx[39m[33m[39m[31mx[39m[33m[39m[32m·[39m[33m[39m[32m·[39m[33m[39m[32m·[39m[33m[39m[32m·[39m[33m[39m[32m·[39m[33m[39m[32m·[39m[33m[39m[32m·[39m[33m[39m[32m·[39m[33m[39m[32m·[39m[33m[39m[32m·[39m[33m[39m[32m·[39m[33m[39m[32m·[39m[33m[39m[32m·[39m[33m[39m[32m·[39m[33m[39m[32m·[39m[33m[39m[32m·[39m[33m[39m[32m·[39m[33m[39m[32m·[39m[33m[39m[32m·[39m[33m[39m[32m·[39m[33m[39m[32m·[39m[33m[39m[32m·[39m[33m[39m[32m·[39m[33m[39m[32m·[39m[33m[39m[32m·[39m[33m[39m[32m·[39m[33m[39m[32m·[39m[33m[39m[32m·[39m[33m[39m[32m·[39m

[31m⎯⎯⎯⎯⎯⎯[39m[1m[41m Failed Tests 15 [49m[22m[31m⎯⎯⎯⎯⎯⎯⎯[39m

[41m[1m FAIL [22m[49m tests/e2e/desktop-command-interactions-golden.test.ts[2m > [22mdesktop command menu, palette, and accelerator parity[2m > [22minvokes scene-prefab-define from its menu
[31m[1mAssertionError[22m: expected [] to deep equally contain { plane: 'engine', …(2) }[39m

[32m- Expected:[39m
{
  "action": "command",
  "op": "scene-prefab-define",
  "plane": "engine",
}

[31m+ Received:[39m
[]

[36m [2m❯[22m invoke tests/e2e/desktop-command-interactions-golden.test.ts:[2m115:17[22m[39m
    [90m113|[39m     [35mreturn[39m[33m;[39m
    [90m114|[39m   }
    [90m115|[39m   [34mexpect[39m(calls)[33m.[39m[34mtoContainEqual[39m([34mexpectedEffect[39m(command))[33m;[39m
    [90m   |[39m                 [31m^[39m
    [90m116|[39m   [35mif[39m (command[33m.[39mid [33m===[39m [32m"project-build"[39m) {
    [90m117|[39m     expect(requests.find((request) => (request.payload as { commandId?…
[90m [2m❯[22m tests/e2e/desktop-command-interactions-golden.test.ts:[2m158:7[22m[39m

[31m[2m⎯⎯⎯⎯⎯⎯⎯⎯⎯⎯⎯⎯⎯⎯⎯⎯⎯⎯⎯⎯⎯⎯⎯[1/15]⎯[22m[39m

[41m[1m FAIL [22m[49m tests/e2e/desktop-command-interactions-golden.test.ts[2m > [22mdesktop command menu, palette, and accelerator parity[2m > [22minvokes scene-prefab-define from the palette
[31m[1mAssertionError[22m: expected [] to deep equally contain { plane: 'engine', …(2) }[39m

[32m- Expected:[39m
{
  "action": "command",
  "op": "scene-prefab-define",
  "plane": "engine",
}

[31m+ Received:[39m
[]

[36m [2m❯[22m invoke tests/e2e/desktop-command-interactions-golden.test.ts:[2m115:17[22m[39m
    [90m113|[39m     [35mreturn[39m[33m;[39m
    [90m114|[39m   }
    [90m115|[39m   [34mexpect[39m(calls)[33m.[39m[34mtoContainEqual[39m([34mexpectedEffect[39m(command))[33m;[39m
    [90m   |[39m                 [31m^[39m
    [90m116|[39m   [35mif[39m (command[33m.[39mid [33m===[39m [32m"project-build"[39m) {
    [90m117|[39m     expect(requests.find((request) => (request.payload as { commandId?…
[90m [2m❯[22m tests/e2e/desktop-command-interactions-golden.test.ts:[2m162:7[22m[39m

[31m[2m⎯⎯⎯⎯⎯⎯⎯⎯⎯⎯⎯⎯⎯⎯⎯⎯⎯⎯⎯⎯⎯⎯⎯[2/15]⎯[22m[39m

[41m[1m FAIL [22m[49m tests/e2e/desktop-command-interactions-golden.test.ts[2m > [22mdesktop command menu, palette, and accelerator parity[2m > [22minvokes scene-prefab-instance from its menu
[31m[1mAssertionError[22m: expected [] to deep equally contain { plane: 'engine', …(2) }[39m

[32m- Expected:[39m
{
  "action": "command",
  "op": "scene-prefab-instance",
  "plane": "engine",
}

[31m+ Received:[39m
[]

[36m [2m❯[22m invoke tests/e2e/desktop-command-interactions-golden.test.ts:[2m115:17[22m[39m
    [90m113|[39m     [35mreturn[39m[33m;[39m
    [90m114|[39m   }
    [90m115|[39m   [34mexpect[39m(calls)[33m.[39m[34mtoContainEqual[39m([34mexpectedEffect[39m(command))[33m;[39m
    [90m   |[39m                 [31m^[39m
    [90m116|[39m   [35mif[39m (command[33m.[39mid [33m===[39m [32m"project-build"[39m) {
    [90m117|[39m     expect(requests.find((request) => (request.payload as { commandId?…
[90m [2m❯[22m tests/e2e/desktop-command-interactions-golden.test.ts:[2m158:7[22m[39m

[31m[2m⎯⎯⎯⎯⎯⎯⎯⎯⎯⎯⎯⎯⎯⎯⎯⎯⎯⎯⎯⎯⎯⎯⎯[3/15]⎯[22m[39m

[41m[1m FAIL [22m[49m tests/e2e/desktop-command-interactions-golden.test.ts[2m > [22mdesktop command menu, palette, and accelerator parity[2m > [22minvokes scene-prefab-instance from the palette
[31m[1mAssertionError[22m: expected [] to deep equally contain { plane: 'engine', …(2) }[39m

[32m- Expected:[39m
{
  "action": "command",
  "op": "scene-prefab-instance",
  "plane": "engine",
}

[31m+ Received:[39m
[]

[36m [2m❯[22m invoke tests/e2e/desktop-command-interactions-golden.test.ts:[2m115:17[22m[39m
    [90m113|[39m     [35mreturn[39m[33m;[39m
    [90m114|[39m   }
    [90m115|[39m   [34mexpect[39m(calls)[33m.[39m[34mtoContainEqual[39m([34mexpectedEffect[39m(command))[33m;[39m
    [90m   |[39m                 [31m^[39m
    [90m116|[39m   [35mif[39m (command[33m.[39mid [33m===[39m [32m"project-build"[39m) {
    [90m117|[39m     expect(requests.find((request) => (request.payload as { commandId?…
[90m [2m❯[22m tests/e2e/desktop-command-interactions-golden.test.ts:[2m162:7[22m[39m

[31m[2m⎯⎯⎯⎯⎯⎯⎯⎯⎯⎯⎯⎯⎯⎯⎯⎯⎯⎯⎯⎯⎯⎯⎯[4/15]⎯[22m[39m

[41m[1m FAIL [22m[49m tests/e2e/desktop-command-interactions-golden.test.ts[2m > [22mdesktop command menu, palette, and accelerator parity[2m > [22minvokes scene-prefab-override from its menu
[31m[1mAssertionError[22m: expected [] to deep equally contain { plane: 'engine', …(2) }[39m

[32m- Expected:[39m
{
  "action": "command",
  "op": "scene-prefab-override",
  "plane": "engine",
}

[31m+ Received:[39m
[]

[36m [2m❯[22m invoke tests/e2e/desktop-command-interactions-golden.test.ts:[2m115:17[22m[39m
    [90m113|[39m     [35mreturn[39m[33m;[39m
    [90m114|[39m   }
    [90m115|[39m   [34mexpect[39m(calls)[33m.[39m[34mtoContainEqual[39m([34mexpectedEffect[39m(command))[33m;[39m
    [90m   |[39m                 [31m^[39m
    [90m116|[39m   [35mif[39m (command[33m.[39mid [33m===[39m [32m"project-build"[39m) {
    [90m117|[39m     expect(requests.find((request) => (request.payload as { commandId?…
[90m [2m❯[22m tests/e2e/desktop-command-interactions-golden.test.ts:[2m158:7[22m[39m

[31m[2m⎯⎯⎯⎯⎯⎯⎯⎯⎯⎯⎯⎯⎯⎯⎯⎯⎯⎯⎯⎯⎯⎯⎯[5/15]⎯[22m[39m

[41m[1m FAIL [22m[49m tests/e2e/desktop-command-interactions-golden.test.ts[2m > [22mdesktop command menu, palette, and accelerator parity[2m > [22minvokes scene-prefab-override from the palette
[31m[1mAssertionError[22m: expected [] to deep equally contain { plane: 'engine', …(2) }[39m

[32m- Expected:[39m
{
  "action": "command",
  "op": "scene-prefab-override",
  "plane": "engine",
}

[31m+ Received:[39m
[]

[36m [2m❯[22m invoke tests/e2e/desktop-command-interactions-golden.test.ts:[2m115:17[22m[39m
    [90m113|[39m     [35mreturn[39m[33m;[39m
    [90m114|[39m   }
    [90m115|[39m   [34mexpect[39m(calls)[33m.[39m[34mtoContainEqual[39m([34mexpectedEffect[39m(command))[33m;[39m
    [90m   |[39m                 [31m^[39m
    [90m116|[39m   [35mif[39m (command[33m.[39mid [33m===[39m [32m"project-build"[39m) {
    [90m117|[39m     expect(requests.find((request) => (request.payload as { commandId?…
[90m [2m❯[22m tests/e2e/desktop-command-interactions-golden.test.ts:[2m162:7[22m[39m

[31m[2m⎯⎯⎯⎯⎯⎯⎯⎯⎯⎯⎯⎯⎯⎯⎯⎯⎯⎯⎯⎯⎯⎯⎯[6/15]⎯[22m[39m

[41m[1m FAIL [22m[49m tests/e2e/desktop-command-interactions-golden.test.ts[2m > [22mdesktop command menu, palette, and accelerator parity[2m > [22minvokes scene-prefab-refresh from its menu
[31m[1mAssertionError[22m: expected [] to deep equally contain { plane: 'engine', …(2) }[39m

[32m- Expected:[39m
{
  "action": "command",
  "op": "scene-prefab-refresh",
  "plane": "engine",
}

[31m+ Received:[39m
[]

[36m [2m❯[22m invoke tests/e2e/desktop-command-interactions-golden.test.ts:[2m115:17[22m[39m
    [90m113|[39m     [35mreturn[39m[33m;[39m
    [90m114|[39m   }
    [90m115|[39m   [34mexpect[39m(calls)[33m.[39m[34mtoContainEqual[39m([34mexpectedEffect[39m(command))[33m;[39m
    [90m   |[39m                 [31m^[39m
    [90m116|[39m   [35mif[39m (command[33m.[39mid [33m===[39m [32m"project-build"[39m) {
    [90m117|[39m     expect(requests.find((request) => (request.payload as { commandId?…
[90m [2m❯[22m tests/e2e/desktop-command-interactions-golden.test.ts:[2m158:7[22m[39m

[31m[2m⎯⎯⎯⎯⎯⎯⎯⎯⎯⎯⎯⎯⎯⎯⎯⎯⎯⎯⎯⎯⎯⎯⎯[7/15]⎯[22m[39m

[41m[1m FAIL [22m[49m tests/e2e/desktop-command-interactions-golden.test.ts[2m > [22mdesktop command menu, palette, and accelerator parity[2m > [22minvokes scene-prefab-refresh from the palette
[31m[1mAssertionError[22m: expected [] to deep equally contain { plane: 'engine', …(2) }[39m

[32m- Expected:[39m
{
  "action": "command",
  "op": "scene-prefab-refresh",
  "plane": "engine",
}

[31m+ Received:[39m
[]

[36m [2m❯[22m invoke tests/e2e/desktop-command-interactions-golden.test.ts:[2m115:17[22m[39m
    [90m113|[39m     [35mreturn[39m[33m;[39m
    [90m114|[39m   }
    [90m115|[39m   [34mexpect[39m(calls)[33m.[39m[34mtoContainEqual[39m([34mexpectedEffect[39m(command))[33m;[39m
    [90m   |[39m                 [31m^[39m
    [90m116|[39m   [35mif[39m (command[33m.[39mid [33m===[39m [32m"project-build"[39m) {
    [90m117|[39m     expect(requests.find((request) => (request.payload as { commandId?…
[90m [2m❯[22m tests/e2e/desktop-command-interactions-golden.test.ts:[2m162:7[22m[39m

[31m[2m⎯⎯⎯⎯⎯⎯⎯⎯⎯⎯⎯⎯⎯⎯⎯⎯⎯⎯⎯⎯⎯⎯⎯[8/15]⎯[22m[39m

[41m[1m FAIL [22m[49m tests/e2e/desktop-command-interactions-golden.test.ts[2m > [22mdesktop command menu, palette, and accelerator parity[2m > [22minvokes viewport-source-set from its menu
[31m[1mAssertionError[22m: expected [] to deep equally contain { plane: 'engine', …(2) }[39m

[32m- Expected:[39m
{
  "action": "command",
  "op": "viewport-source-set",
  "plane": "engine",
}

[31m+ Received:[39m
[]

[36m [2m❯[22m invoke tests/e2e/desktop-command-interactions-golden.test.ts:[2m115:17[22m[39m
    [90m113|[39m     [35mreturn[39m[33m;[39m
    [90m114|[39m   }
    [90m115|[39m   [34mexpect[39m(calls)[33m.[39m[34mtoContainEqual[39m([34mexpectedEffect[39m(command))[33m;[39m
    [90m   |[39m                 [31m^[39m
    [90m116|[39m   [35mif[39m (command[33m.[39mid [33m===[39m [32m"project-build"[39m) {
    [90m117|[39m     expect(requests.find((request) => (request.payload as { commandId?…
[90m [2m❯[22m tests/e2e/desktop-command-interactions-golden.test.ts:[2m158:7[22m[39m

[31m[2m⎯⎯⎯⎯⎯⎯⎯⎯⎯⎯⎯⎯⎯⎯⎯⎯⎯⎯⎯⎯⎯⎯⎯[9/15]⎯[22m[39m

[41m[1m FAIL [22m[49m tests/e2e/desktop-command-interactions-golden.test.ts[2m > [22mdesktop command menu, palette, and accelerator parity[2m > [22minvokes viewport-source-set from the palette
[31m[1mAssertionError[22m: expected [] to deep equally contain { plane: 'engine', …(2) }[39m

[32m- Expected:[39m
{
  "action": "command",
  "op": "viewport-source-set",
  "plane": "engine",
}

[31m+ Received:[39m
[]

[36m [2m❯[22m invoke tests/e2e/desktop-command-interactions-golden.test.ts:[2m115:17[22m[39m
    [90m113|[39m     [35mreturn[39m[33m;[39m
    [90m114|[39m   }
    [90m115|[39m   [34mexpect[39m(calls)[33m.[39m[34mtoContainEqual[39m([34mexpectedEffect[39m(command))[33m;[39m
    [90m   |[39m                 [31m^[39m
    [90m116|[39m   [35mif[39m (command[33m.[39mid [33m===[39m [32m"project-build"[39m) {
    [90m117|[39m     expect(requests.find((request) => (request.payload as { commandId?…
[90m [2m❯[22m tests/e2e/desktop-command-interactions-golden.test.ts:[2m162:7[22m[39m

[31m[2m⎯⎯⎯⎯⎯⎯⎯⎯⎯⎯⎯⎯⎯⎯⎯⎯⎯⎯⎯⎯⎯⎯[10/15]⎯[22m[39m

[41m[1m FAIL [22m[49m tests/e2e/desktop-command-interactions-golden.test.ts[2m > [22mdesktop command menu, palette, and accelerator parity[2m > [22minvokes physics-evaluate from its menu
[31m[1mAssertionError[22m: expected [] to deep equally contain { plane: 'engine', …(2) }[39m

[32m- Expected:[39m
{
  "action": "command",
  "op": "physics-evaluate",
  "plane": "engine",
}

[31m+ Received:[39m
[]

[36m [2m❯[22m invoke tests/e2e/desktop-command-interactions-golden.test.ts:[2m115:17[22m[39m
    [90m113|[39m     [35mreturn[39m[33m;[39m
    [90m114|[39m   }
    [90m115|[39m   [34mexpect[39m(calls)[33m.[39m[34mtoContainEqual[39m([34mexpectedEffect[39m(command))[33m;[39m
    [90m   |[39m                 [31m^[39m
    [90m116|[39m   [35mif[39m (command[33m.[39mid [33m===[39m [32m"project-build"[39m) {
    [90m117|[39m     expect(requests.find((request) => (request.payload as { commandId?…
[90m [2m❯[22m tests/e2e/desktop-command-interactions-golden.test.ts:[2m158:7[22m[39m

[31m[2m⎯⎯⎯⎯⎯⎯⎯⎯⎯⎯⎯⎯⎯⎯⎯⎯⎯⎯⎯⎯⎯⎯[11/15]⎯[22m[39m

[41m[1m FAIL [22m[49m tests/e2e/desktop-command-interactions-golden.test.ts[2m > [22mdesktop command menu, palette, and accelerator parity[2m > [22minvokes physics-evaluate from the palette
[31m[1mAssertionError[22m: expected [] to deep equally contain { plane: 'engine', …(2) }[39m

[32m- Expected:[39m
{
  "action": "command",
  "op": "physics-evaluate",
  "plane": "engine",
}

[31m+ Received:[39m
[]

[36m [2m❯[22m invoke tests/e2e/desktop-command-interactions-golden.test.ts:[2m115:17[22m[39m
    [90m113|[39m     [35mreturn[39m[33m;[39m
    [90m114|[39m   }
    [90m115|[39m   [34mexpect[39m(calls)[33m.[39m[34mtoContainEqual[39m([34mexpectedEffect[39m(command))[33m;[39m
    [90m   |[39m                 [31m^[39m
    [90m116|[39m   [35mif[39m (command[33m.[39mid [33m===[39m [32m"project-build"[39m) {
    [90m117|[39m     expect(requests.find((request) => (request.payload as { commandId?…
[90m [2m❯[22m tests/e2e/desktop-command-interactions-golden.test.ts:[2m162:7[22m[39m

[31m[2m⎯⎯⎯⎯⎯⎯⎯⎯⎯⎯⎯⎯⎯⎯⎯⎯⎯⎯⎯⎯⎯⎯[12/15]⎯[22m[39m

[41m[1m FAIL [22m[49m apps/desktop-shell/test/chrome.test.ts[2m > [22mproduction command forms through the real host[2m > [22mdefines real prefab content via fields, writes only on Save and rejects invalid references
[31m[1mAssertionError[22m: instanceIds: expected null not to be null[39m
[36m [2m❯[22m Object.field apps/desktop-shell/test/chrome.test.ts:[2m138:31[22m[39m
    [90m136|[39m     [35mconst[39m field [33m=[39m (name[33m:[39m string) [33m=>[39m {
    [90m137|[39m       const input = window.document.querySelector(`[data-command-field…
    [90m138|[39m       [34mexpect[39m(input[33m,[39m name)[33m.[39mnot[33m.[39m[34mtoBeNull[39m()[33m;[39m
    [90m   |[39m                               [31m^[39m
    [90m139|[39m
    [90m140|[39m       if (!(input instanceof window.HTMLInputElement) && !(input insta…
[90m [2m❯[22m apps/desktop-shell/test/chrome.test.ts:[2m165:9[22m[39m

[31m[2m⎯⎯⎯⎯⎯⎯⎯⎯⎯⎯⎯⎯⎯⎯⎯⎯⎯⎯⎯⎯⎯⎯[13/15]⎯[22m[39m

[41m[1m FAIL [22m[49m apps/desktop-shell/test/chrome.test.ts[2m > [22mproduction command forms through the real host[2m > [22mreviews and commits persisted bindings, updates keyboard dispatch, then reviews reset
[31m[1mAssertionError[22m: the given combination of arguments (undefined and string) is invalid for this assertion. You can use an array, a map, an object, a set, a string, or a weakset instead of a string[39m
[36m [2m❯[22m apps/desktop-shell/test/chrome.test.ts:[2m209:87[22m[39m
    [90m207|[39m       [35mawait[39m h[33m.[39m[34msubmit[39m()[33m;[39m
    [90m208|[39m       expect(existsSync(join(h.root, ".sceneaxi/input-actions.v1.json"…
    [90m209|[39m       expect(h.window.document.querySelector("[data-command-evidence]"…
    [90m   |[39m                                                                                       [31m^[39m
    [90m210|[39m       {
    [90m211|[39m         [35mconst[39m approved [33m=[39m h[33m.[39m[34mfield[39m([32m"approved"[39m)[33m;[39m

[31m[2m⎯⎯⎯⎯⎯⎯⎯⎯⎯⎯⎯⎯⎯⎯⎯⎯⎯⎯⎯⎯⎯⎯[14/15]⎯[22m[39m

[41m[1m FAIL [22m[49m apps/desktop-shell/test/chrome.test.ts[2m > [22mproduction command forms through the real host[2m > [22mexposes all eight missing commands and keeps Kids mutation controls refused
[31m[1mReferenceError[22m: DESKTOP_INTERACTION_COMMANDS is not defined[39m
[36m [2m❯[22m apps/desktop-shell/test/chrome.test.ts:[2m249:12[22m[39m


[31m[2m⎯⎯⎯⎯⎯⎯⎯⎯⎯⎯⎯⎯⎯⎯⎯⎯⎯⎯⎯⎯⎯⎯[15/15]⎯[22m[39m


[2m Test Files [22m [1m[31m2 failed[39m[22m[90m (2)[39m
[2m      Tests [22m [1m[31m15 failed[39m[22m[2m | [22m[1m[32m129 passed[39m[22m[90m (144)[39m
[2m   Start at [22m 11:25:48
[2m   Duration [22m 17.45s[2m (transform 7.57s, setup 0ms, import 8.34s, tests 16.53s, environment 0ms)[22m

