node:internal/modules/run_main:107
    triggerUncaughtException(
    ^

file:///home/devuser/Documents/Projects/sceneaxi/packages/authoring-core/src/atomic-write.ts:174
export class ProjectPathEscapeError extends Error {
  constructor(readonly documentPath: string) {
                       ^^^^^^^^^^^^^^^^^^^^
    super("Project path must remain inside its authoritative canonical root.");

SyntaxError [ERR_UNSUPPORTED_TYPESCRIPT_SYNTAX]: TypeScript parameter property is not supported in strip-only mode
    at parseTypeScript (node:internal/modules/typescript:68:40)
    at processTypeScriptCode (node:internal/modules/typescript:146:42)
    at stripTypeScriptModuleTypes (node:internal/modules/typescript:215:22)
    at ModuleLoader.<anonymous> (node:internal/modules/esm/translators:680:29)
    at #translate (node:internal/modules/esm/loader:438:20)
    at afterLoad (node:internal/modules/esm/loader:506:29)
    at ModuleLoader.loadAndTranslate (node:internal/modules/esm/loader:511:12)
    at #getOrCreateModuleJobAfterResolve (node:internal/modules/esm/loader:564:36)
    at afterResolve (node:internal/modules/esm/loader:611:52)
    at ModuleLoader.getOrCreateModuleJob (node:internal/modules/esm/loader:617:12) {
  code: 'ERR_UNSUPPORTED_TYPESCRIPT_SYNTAX'
}

Node.js v24.21.0
